Archive member included to satisfy reference by file (symbol)

C:/Program Files/SEGGER/SEGGER Embedded Studio for ARM 7.32a/lib/libc_v7em_fpv4_sp_d16_hard_t_le_eabi_balanced.a(mbops.o)
                              Output/Debug/Obj/temperature_pca10040/nrf_log_str_formatter.o (isprint)
C:/Program Files/SEGGER/SEGGER Embedded Studio for ARM 7.32a/lib/libc_v7em_fpv4_sp_d16_hard_t_le_eabi_balanced.a(sortops.o)
                              C:/Program Files/SEGGER/SEGGER Embedded Studio for ARM 7.32a/lib/libc_v7em_fpv4_sp_d16_hard_t_le_eabi_balanced.a(mbops.o) (bsearch)
C:/Program Files/SEGGER/SEGGER Embedded Studio for ARM 7.32a/lib/libc_v7em_fpv4_sp_d16_hard_t_le_eabi_balanced.a(timeops.o)
                              C:/Program Files/SEGGER/SEGGER Embedded Studio for ARM 7.32a/lib/libc_v7em_fpv4_sp_d16_hard_t_le_eabi_balanced.a(mbops.o) (__SEGGER_RTL_string_list_encode)
C:/Program Files/SEGGER/SEGGER Embedded Studio for ARM 7.32a/lib/libc_v7em_fpv4_sp_d16_hard_t_le_eabi_balanced.a(floatasmops_arm.o)
                              C:/Program Files/SEGGER/SEGGER Embedded Studio for ARM 7.32a/lib/libc_v7em_fpv4_sp_d16_hard_t_le_eabi_balanced.a(timeops.o) (__aeabi_i2d)
C:/Program Files/SEGGER/SEGGER Embedded Studio for ARM 7.32a/lib/libc_v7em_fpv4_sp_d16_hard_t_le_eabi_balanced.a(__SEGGER_RTL_vfprintf_long.o)
                              (__SEGGER_RTL_vfprintf_long)
C:/Program Files/SEGGER/SEGGER Embedded Studio for ARM 7.32a/lib/libc_v7em_fpv4_sp_d16_hard_t_le_eabi_balanced.a(__SEGGER_RTL_vfscanf_long.o)
                              (__SEGGER_RTL_vfscanf_long)
C:/Program Files/SEGGER/SEGGER Embedded Studio for ARM 7.32a/lib/libc_v7em_fpv4_sp_d16_hard_t_le_eabi_balanced.a(errno.o)
                              C:/Program Files/SEGGER/SEGGER Embedded Studio for ARM 7.32a/lib/libc_v7em_fpv4_sp_d16_hard_t_le_eabi_balanced.a(mbops.o) (__aeabi_errno_addr)
C:/Program Files/SEGGER/SEGGER Embedded Studio for ARM 7.32a/lib/libc_v7em_fpv4_sp_d16_hard_t_le_eabi_balanced.a(intops.o)
                              C:/Program Files/SEGGER/SEGGER Embedded Studio for ARM 7.32a/lib/libc_v7em_fpv4_sp_d16_hard_t_le_eabi_balanced.a(timeops.o) (div)
C:/Program Files/SEGGER/SEGGER Embedded Studio for ARM 7.32a/lib/libc_v7em_fpv4_sp_d16_hard_t_le_eabi_balanced.a(utilops.o)
                              C:/Program Files/SEGGER/SEGGER Embedded Studio for ARM 7.32a/lib/libc_v7em_fpv4_sp_d16_hard_t_le_eabi_balanced.a(__SEGGER_RTL_vfscanf_long.o) (__SEGGER_RTL_digit)
C:/Program Files/SEGGER/SEGGER Embedded Studio for ARM 7.32a/lib/libc_v7em_fpv4_sp_d16_hard_t_le_eabi_balanced.a(intasmops_arm.o)
                              C:/Program Files/SEGGER/SEGGER Embedded Studio for ARM 7.32a/lib/libc_v7em_fpv4_sp_d16_hard_t_le_eabi_balanced.a(intops.o) (__aeabi_ldivmod)
C:/Program Files/SEGGER/SEGGER Embedded Studio for ARM 7.32a/lib/libc_v7em_fpv4_sp_d16_hard_t_le_eabi_balanced.a(prinops.o)
                              C:/Program Files/SEGGER/SEGGER Embedded Studio for ARM 7.32a/lib/libc_v7em_fpv4_sp_d16_hard_t_le_eabi_balanced.a(__SEGGER_RTL_vfprintf_long.o) (__SEGGER_RTL_putc)
C:/Program Files/SEGGER/SEGGER Embedded Studio for ARM 7.32a/lib/libc_v7em_fpv4_sp_d16_hard_t_le_eabi_balanced.a(fileops.o)
                              C:/Program Files/SEGGER/SEGGER Embedded Studio for ARM 7.32a/lib/libc_v7em_fpv4_sp_d16_hard_t_le_eabi_balanced.a(prinops.o) (fwrite)
C:/Program Files/SEGGER/SEGGER Embedded Studio for ARM 7.32a/lib/heapops_basic_v7em_fpv4_sp_d16_hard_t_le_eabi_balanced.a(heapops_basic.o)
                              Output/Debug/Obj/temperature_pca10040/thumb_crt0.o (__SEGGER_RTL_init_heap)
C:/Program Files/SEGGER/SEGGER Embedded Studio for ARM 7.32a/lib/heapops_disable_interrupts_locking_v7em_fpv4_sp_d16_hard_t_le_eabi_balanced.a(heapops.o)
                              C:/Program Files/SEGGER/SEGGER Embedded Studio for ARM 7.32a/lib/libc_v7em_fpv4_sp_d16_hard_t_le_eabi_balanced.a(mbops.o) (malloc)
C:/Program Files/SEGGER/SEGGER Embedded Studio for ARM 7.32a/lib/strops_unaligned_v7em_fpv4_sp_d16_hard_t_le_eabi_balanced.a(strops.o)
                              C:/Program Files/SEGGER/SEGGER Embedded Studio for ARM 7.32a/lib/libc_v7em_fpv4_sp_d16_hard_t_le_eabi_balanced.a(timeops.o) (mempcpy)
C:/Program Files/SEGGER/SEGGER Embedded Studio for ARM 7.32a/lib/strops_unaligned_v7em_fpv4_sp_d16_hard_t_le_eabi_balanced.a(strasmops_arm.o)
                              C:/Program Files/SEGGER/SEGGER Embedded Studio for ARM 7.32a/lib/libc_v7em_fpv4_sp_d16_hard_t_le_eabi_balanced.a(timeops.o) (strcmp)
C:/Program Files/SEGGER/SEGGER Embedded Studio for ARM 7.32a/lib/libc_v7em_fpv4_sp_d16_hard_t_le_eabi_balanced.a(execops.o)
                              C:/Program Files/SEGGER/SEGGER Embedded Studio for ARM 7.32a/lib/strops_unaligned_v7em_fpv4_sp_d16_hard_t_le_eabi_balanced.a(strops.o) (__SEGGER_RTL_constraint_violation)
[...]
Memory Configuration

Name             Origin             Length             Attributes
UNPLACED_SECTIONS 0x0000000100000000 0x0000000000000000 xw
RAM              0x0000000020000000 0x0000000000010000 xw
FLASH            0x0000000000000000 0x0000000000080000 xw
*default*        0x0000000000000000 0xffffffffffffffff

Linker script and memory map

                0x0000000020000000                __RAM_segment_start__ = 0x20000000
                0x0000000020010000                __RAM_segment_end__ = 0x20010000
                0x0000000000010000                __RAM_segment_size__ = 0x10000
                0x0000000000000000                __FLASH_segment_start__ = 0x0
                0x0000000000080000                __FLASH_segment_end__ = 0x80000
                0x0000000000080000                __FLASH_segment_size__ = 0x80000
                0x0000000000002000                __HEAPSIZE__ = 0x2000
                0x0000000000000000                __SEGGER_RTL_vfprintf = __SEGGER_RTL_vfprintf_long
                0x0000000000000000                __SEGGER_RTL_vfscanf = __SEGGER_RTL_vfscanf_long
                0x0000000000000000                __STACKSIZE_PROCESS__ = 0x0
                0x0000000000002000                __STACKSIZE__ = 0x2000
                0x0000000020000000                __vectors_ram_load_start__ = 0x20000000

.vectors_ram    0x0000000020000000        0x0
                0x0000000020000000                __vectors_ram_start__ = .
                0x0000000020000000                __app_ram_start__ = __vectors_ram_start__
 *(.vectors_ram .vectors_ram.*)
                0x0000000020000000                __vectors_ram_end__ = (__vectors_ram_start__ + SIZEOF (.vectors_ram))
                0x0000000000000000                __vectors_ram_size__ = SIZEOF (.vectors_ram)
                0x0000000020000000                __vectors_ram_load_end__ = __vectors_ram_end__
                0x0000000000000001                . = ASSERT (((__vectors_ram_start__ == __vectors_ram_end__) || ((__vectors_ram_end__ - __RAM_segment_start__) <= __RAM_segment_size__)), error: .vectors_ram is too large to fit in RAM memory segment)
                0x0000000020000000                __nrf_sections_run_load_start__ = ALIGN (__vectors_ram_end__, 0x4)

.nrf_sections_run
                0x0000000020000000        0x0
                0x0000000020000000                __nrf_sections_run_start__ = .
                0x0000000020000000                __start_nrf_sections_run = __nrf_sections_run_start__
 *(.nrf_sections_run .nrf_sections_run.*)
                0x0000000020000000                __nrf_sections_run_end__ = (__nrf_sections_run_start__ + SIZEOF (.nrf_sections_run))
                0x0000000000000000                __nrf_sections_run_size__ = SIZEOF (.nrf_sections_run)
                0x0000000020000000                __nrf_sections_run_load_end__ = __nrf_sections_run_end__
                0x0000000000000001                . = ASSERT (((__nrf_sections_run_start__ == __nrf_sections_run_end__) || ((__nrf_sections_run_end__ - __RAM_segment_start__) <= __RAM_segment_size__)), error: .nrf_sections_run is too large to fit in RAM memory segment)
                0x0000000000000000                __vectors_load_start__ = 0x0

.vectors        0x0000000000000000      0x200
                0x0000000000000000                __vectors_start__ = .
 *(.vectors .vectors.*)
 .vectors       0x0000000000000000      0x200 Output/Debug/Obj/temperature_pca10040/ses_startup_nrf52.o
                0x0000000000000000                _vectors
                0x0000000000000200                __vectors_end__ = (__vectors_start__ + SIZEOF (.vectors))
                0x0000000000000200                __vectors_size__ = SIZEOF (.vectors)
                0x0000000000000200                __vectors_load_end__ = __vectors_end__
                0x0000000000000001                . = ASSERT (((__vectors_start__ == __vectors_end__) || ((__vectors_end__ - __FLASH_segment_start__) <= __FLASH_segment_size__)), error: .vectors is too large to fit in FLASH memory segment)
                0x0000000000000200                __init_load_start__ = ALIGN (__vectors_end__, 0x4)

.init           0x0000000000000200      0x1e8
                0x0000000000000200                __init_start__ = .
 *(.init .init.*)
 .init          0x0000000000000200      0x170 Output/Debug/Obj/temperature_pca10040/thumb_crt0.o
                0x0000000000000200                _start
                0x00000000000002ae                exit
                0x00000000000002ae                _Exit
 .init          0x0000000000000370       0x18 Output/Debug/Obj/temperature_pca10040/ses_startup_nrf52.o
                0x0000000000000370                NMI_Handler
                0x0000000000000372                HardFault_Handler
                0x0000000000000374                MemoryManagement_Handler
                0x0000000000000376                BusFault_Handler
                0x0000000000000378                UsageFault_Handler
                0x000000000000037a                SVC_Handler
                0x000000000000037c                DebugMon_Handler
                0x000000000000037e                PendSV_Handler
                0x0000000000000380                SysTick_Handler
                0x0000000000000382                PWM1_IRQHandler
                0x0000000000000382                GPIOTE_IRQHandler
                0x0000000000000382                SWI0_EGU0_IRQHandler
                0x0000000000000382                POWER_CLOCK_IRQHandler
                0x0000000000000382                RADIO_IRQHandler
                0x0000000000000382                PDM_IRQHandler
                0x0000000000000382                TEMP_IRQHandler
                0x0000000000000382                QDEC_IRQHandler
                0x0000000000000382                RTC0_IRQHandler
                0x0000000000000382                FPU_IRQHandler
                0x0000000000000382                SPIM0_SPIS0_TWIM0_TWIS0_SPI0_TWI0_IRQHandler
                0x0000000000000382                SWI2_EGU2_IRQHandler
                0x0000000000000382                TIMER4_IRQHandler
                0x0000000000000382                I2S_IRQHandler
                0x0000000000000382                SWI4_EGU4_IRQHandler
                0x0000000000000382                TIMER0_IRQHandler
                0x0000000000000382                Dummy_Handler
                0x0000000000000382                TIMER1_IRQHandler
                0x0000000000000382                PWM2_IRQHandler
                0x0000000000000382                ECB_IRQHandler
                0x0000000000000382                SPIM1_SPIS1_TWIM1_TWIS1_SPI1_TWI1_IRQHandler
                0x0000000000000382                SAADC_IRQHandler
                0x0000000000000382                CCM_AAR_IRQHandler
                0x0000000000000382                WDT_IRQHandler
                0x0000000000000382                TIMER3_IRQHandler
                0x0000000000000382                SWI5_EGU5_IRQHandler
                0x0000000000000382                RNG_IRQHandler
                0x0000000000000382                RTC2_IRQHandler
                0x0000000000000382                PWM0_IRQHandler
                0x0000000000000382                SWI3_EGU3_IRQHandler
                0x0000000000000382                RTC1_IRQHandler
                0x0000000000000382                SWI1_EGU1_IRQHandler
                0x0000000000000382                SPIM2_SPIS2_SPI2_IRQHandler
                0x0000000000000382                NFCT_IRQHandler
                0x0000000000000382                TIMER2_IRQHandler
                0x0000000000000382                MWU_IRQHandler
                0x0000000000000382                COMP_LPCOMP_IRQHandler
                0x0000000000000384                nRFInitialize
 .init          0x0000000000000388       0x60 Output/Debug/Obj/temperature_pca10040/ses_startup_nrf_common.o
                0x0000000000000388                Reset_Handler
                0x00000000000003b0                InitializeUserMemorySections
                0x00000000000003e8                __init_end__ = (__init_start__ + SIZEOF (.init))
                0x00000000000001e8                __init_size__ = SIZEOF (.init)
                0x00000000000003e8                __init_load_end__ = __init_end__
                0x0000000000000001                . = ASSERT (((__init_start__ == __init_end__) || ((__init_end__ - __FLASH_segment_start__) <= __FLASH_segment_size__)), error: .init is too large to fit in FLASH memory segment)
                0x00000000000003e8                __init_rodata_load_start__ = ALIGN (__init_end__, 0x4)

.init_rodata    0x00000000000003e8        0x0
                0x00000000000003e8                __init_rodata_start__ = .
 *(.init_rodata .init_rodata.*)
                0x00000000000003e8                __init_rodata_end__ = (__init_rodata_start__ + SIZEOF (.init_rodata))
                0x0000000000000000                __init_rodata_size__ = SIZEOF (.init_rodata)
                0x00000000000003e8                __init_rodata_load_end__ = __init_rodata_end__
                0x0000000000000001                . = ASSERT (((__init_rodata_start__ == __init_rodata_end__) || ((__init_rodata_end__ - __FLASH_segment_start__) <= __FLASH_segment_size__)), error: .init_rodata is too large to fit in FLASH memory segment)
                0x00000000000003e8                __text_load_start__ = ALIGN (__init_rodata_end__, 0x4)

.text           0x00000000000003e8     0x4da0
                0x00000000000003e8                __text_start__ = .
 *(.text .text.* .gnu.linkonce.t.* .glue_7t .glue_7 .gcc_except_table .ARM.extab* .gnu.linkonce.armextab.*)
 .glue_7        0x00000000000003e8        0x0 linker stubs
 .glue_7t       0x00000000000003e8        0x0 linker stubs
 .text.nrfx_coredep_delay_us
                0x00000000000003e8       0x30 Output/Debug/Obj/temperature_pca10040/nrf_log_backend_rtt.o
 .text.nrf_delay_ms
                0x0000000000000418       0x2a Output/Debug/Obj/temperature_pca10040/nrf_log_backend_rtt.o
 .text.nrf_log_backend_rtt_init
                0x0000000000000442        0xa Output/Debug/Obj/temperature_pca10040/nrf_log_backend_rtt.o
                0x0000000000000442                nrf_log_backend_rtt_init
 .text.serial_tx
                0x000000000000044c       0x84 Output/Debug/Obj/temperature_pca10040/nrf_log_backend_rtt.o
 .text.nrf_log_backend_rtt_put
                0x00000000000004d0       0x28 Output/Debug/Obj/temperature_pca10040/nrf_log_backend_rtt.o
 .text.nrf_log_backend_rtt_flush
                0x00000000000004f8        0xa Output/Debug/Obj/temperature_pca10040/nrf_log_backend_rtt.o
 .text.nrf_log_backend_rtt_panic_set
                0x0000000000000502        0xa Output/Debug/Obj/temperature_pca10040/nrf_log_backend_rtt.o
 .text.nrf_log_backend_serial_put
                0x000000000000050c      0x124 Output/Debug/Obj/temperature_pca10040/nrf_log_backend_serial.o
                0x000000000000050c                nrf_log_backend_serial_put
 .text.nrf_drv_uart_uninit
                0x0000000000000630       0x44 Output/Debug/Obj/temperature_pca10040/nrf_log_backend_uart.o
 .text.nrf_drv_uart_tx
                0x0000000000000674       0x64 Output/Debug/Obj/temperature_pca10040/nrf_log_backend_uart.o
 .text.uart_evt_handler
                0x00000000000006d8       0x18 Output/Debug/Obj/temperature_pca10040/nrf_log_backend_uart.o
 .text.uart_init
                0x00000000000006f0       0x88 Output/Debug/Obj/temperature_pca10040/nrf_log_backend_uart.o
 .text.nrf_log_backend_uart_init
                0x0000000000000778       0x1c Output/Debug/Obj/temperature_pca10040/nrf_log_backend_uart.o
                0x0000000000000778                nrf_log_backend_uart_init
 .text.serial_tx
                0x0000000000000794       0x6c Output/Debug/Obj/temperature_pca10040/nrf_log_backend_uart.o
 .text.nrf_log_backend_uart_put
                0x0000000000000800       0x28 Output/Debug/Obj/temperature_pca10040/nrf_log_backend_uart.o
 .text.nrf_log_backend_uart_flush
                0x0000000000000828        0xa Output/Debug/Obj/temperature_pca10040/nrf_log_backend_uart.o
 *fill*         0x0000000000000832        0x2 
 .text.nrf_log_backend_uart_panic_set
                0x0000000000000834       0x20 Output/Debug/Obj/temperature_pca10040/nrf_log_backend_uart.o
 .text.nrf_log_backend_enable
                0x0000000000000854       0x12 Output/Debug/Obj/temperature_pca10040/nrf_log_default_backends.o
 *fill*         0x0000000000000866        0x2 
 .text.nrf_log_default_backends_init
                0x0000000000000868       0x64 Output/Debug/Obj/temperature_pca10040/nrf_log_default_backends.o
                0x0000000000000868                nrf_log_default_backends_init
 .text.nrf_log_backend_put
                0x00000000000008cc       0x1c Output/Debug/Obj/temperature_pca10040/nrf_log_frontend.o
 .text.nrf_log_backend_panic_set
                0x00000000000008e8       0x18 Output/Debug/Obj/temperature_pca10040/nrf_log_frontend.o
 .text.nrf_log_backend_flush
                0x0000000000000900       0x18 Output/Debug/Obj/temperature_pca10040/nrf_log_frontend.o
 .text.nrf_log_backend_id_set
                0x0000000000000918       0x1a Output/Debug/Obj/temperature_pca10040/nrf_log_frontend.o
 .text.nrf_log_backend_id_get
                0x0000000000000932       0x10 Output/Debug/Obj/temperature_pca10040/nrf_log_frontend.o
 .text.nrf_log_backend_enable
                0x0000000000000942       0x12 Output/Debug/Obj/temperature_pca10040/nrf_log_frontend.o
 .text.nrf_log_backend_is_enabled
                0x0000000000000954       0x10 Output/Debug/Obj/temperature_pca10040/nrf_log_frontend.o
 .text.nrf_log_init
                0x0000000000000964       0x74 Output/Debug/Obj/temperature_pca10040/nrf_log_frontend.o
                0x0000000000000964                nrf_log_init
 .text.nrf_log_module_cnt_get
                0x00000000000009d8       0x14 Output/Debug/Obj/temperature_pca10040/nrf_log_frontend.o
                0x00000000000009d8                nrf_log_module_cnt_get
 .text.module_idx_get
                0x00000000000009ec       0x64 Output/Debug/Obj/temperature_pca10040/nrf_log_frontend.o
 .text.nrf_log_module_name_get
                0x0000000000000a50       0x40 Output/Debug/Obj/temperature_pca10040/nrf_log_frontend.o
                0x0000000000000a50                nrf_log_module_name_get
 .text.nrf_log_color_id_get
                0x0000000000000a90       0x70 Output/Debug/Obj/temperature_pca10040/nrf_log_frontend.o
                0x0000000000000a90                nrf_log_color_id_get
 .text.invalid_packets_omit
                0x0000000000000b00       0x6e Output/Debug/Obj/temperature_pca10040/nrf_log_frontend.o
 *fill*         0x0000000000000b6e        0x2 
 .text.log_skip
                0x0000000000000b70      0x114 Output/Debug/Obj/temperature_pca10040/nrf_log_frontend.o
 .text.dropped_sat16_get
                0x0000000000000c84       0x28 Output/Debug/Obj/temperature_pca10040/nrf_log_frontend.o
 .text.std_header_set
                0x0000000000000cac       0xb4 Output/Debug/Obj/temperature_pca10040/nrf_log_frontend.o
 .text.buf_prealloc
                0x0000000000000d60      0x124 Output/Debug/Obj/temperature_pca10040/nrf_log_frontend.o
 .text.std_n    0x0000000000000e84       0x90 Output/Debug/Obj/temperature_pca10040/nrf_log_frontend.o
 .text.nrf_log_frontend_std_0
                0x0000000000000f14       0x1c Output/Debug/Obj/temperature_pca10040/nrf_log_frontend.o
                0x0000000000000f14                nrf_log_frontend_std_0
 .text.nrf_log_frontend_std_1
                0x0000000000000f30       0x22 Output/Debug/Obj/temperature_pca10040/nrf_log_frontend.o
                0x0000000000000f30                nrf_log_frontend_std_1
 .text.nrf_log_frontend_std_2
                0x0000000000000f52       0x28 Output/Debug/Obj/temperature_pca10040/nrf_log_frontend.o
                0x0000000000000f52                nrf_log_frontend_std_2
 .text.nrf_log_frontend_std_5
                0x0000000000000f7a       0x34 Output/Debug/Obj/temperature_pca10040/nrf_log_frontend.o
                0x0000000000000f7a                nrf_log_frontend_std_5
 *fill*         0x0000000000000fae        0x2 
 .text.buffer_is_empty
                0x0000000000000fb0       0x1c Output/Debug/Obj/temperature_pca10040/nrf_log_frontend.o
                0x0000000000000fb0                buffer_is_empty
 .text.nrf_log_frontend_dequeue
                0x0000000000000fcc      0x39c Output/Debug/Obj/temperature_pca10040/nrf_log_frontend.o
                0x0000000000000fcc                nrf_log_frontend_dequeue
 .text.backend_id_assign
                0x0000000000001368       0x68 Output/Debug/Obj/temperature_pca10040/nrf_log_frontend.o
 .text.nrf_log_backend_add
                0x00000000000013d0       0x70 Output/Debug/Obj/temperature_pca10040/nrf_log_frontend.o
                0x00000000000013d0                nrf_log_backend_add
 .text.nrf_log_panic
                0x0000000000001440       0x40 Output/Debug/Obj/temperature_pca10040/nrf_log_frontend.o
                0x0000000000001440                nrf_log_panic
 .text.timestamp_print
                0x0000000000001480        0xc Output/Debug/Obj/temperature_pca10040/nrf_log_str_formatter.o
 .text.prefix_process
                0x000000000000148c       0xb0 Output/Debug/Obj/temperature_pca10040/nrf_log_str_formatter.o
 .text.postfix_process
                0x000000000000153c       0x60 Output/Debug/Obj/temperature_pca10040/nrf_log_str_formatter.o
 .text.nrf_log_std_entry_process
                0x000000000000159c      0x144 Output/Debug/Obj/temperature_pca10040/nrf_log_str_formatter.o
                0x000000000000159c                nrf_log_std_entry_process
 .text.nrf_log_hexdump_entry_process
                0x00000000000016e0       0xf0 Output/Debug/Obj/temperature_pca10040/nrf_log_str_formatter.o
                0x00000000000016e0                nrf_log_hexdump_entry_process
 .text.app_error_save_and_stop
                0x00000000000017d0       0x9c Output/Debug/Obj/temperature_pca10040/app_error.o
                0x00000000000017d0                app_error_save_and_stop
 .text.app_error_handler
                0x000000000000186c       0x1c Output/Debug/Obj/temperature_pca10040/app_error_handler_gcc.o
                0x000000000000186c                app_error_handler
 .text.app_error_fault_handler
                0x0000000000001888      0x104 Output/Debug/Obj/temperature_pca10040/app_error_weak.o
                0x0000000000001888                app_error_fault_handler
 .text.app_util_disable_irq
                0x000000000000198c       0x18 Output/Debug/Obj/temperature_pca10040/app_util_platform.o
                0x000000000000198c                app_util_disable_irq
 .text.app_util_enable_irq
                0x00000000000019a4       0x20 Output/Debug/Obj/temperature_pca10040/app_util_platform.o
                0x00000000000019a4                app_util_enable_irq
 .text.app_util_critical_region_enter
                0x00000000000019c4       0x28 Output/Debug/Obj/temperature_pca10040/app_util_platform.o
                0x00000000000019c4                app_util_critical_region_enter
 .text.app_util_critical_region_exit
                0x00000000000019ec       0x2c Output/Debug/Obj/temperature_pca10040/app_util_platform.o
                0x00000000000019ec                app_util_critical_region_exit
 .text.privilege_level_get
                0x0000000000001a18       0x3a Output/Debug/Obj/temperature_pca10040/app_util_platform.o
                0x0000000000001a18                privilege_level_get
 .text.assert_nrf_callback
                0x0000000000001a52       0x2e Output/Debug/Obj/temperature_pca10040/nrf_assert.o
                0x0000000000001a52                assert_nrf_callback
 .text.nrf_atomic_u32_fetch_store
                0x0000000000001a80       0x2e Output/Debug/Obj/temperature_pca10040/nrf_atomic.o
                0x0000000000001a80                nrf_atomic_u32_fetch_store
 .text.nrf_atomic_u32_or
                0x0000000000001aae       0x30 Output/Debug/Obj/temperature_pca10040/nrf_atomic.o
                0x0000000000001aae                nrf_atomic_u32_or
 .text.nrf_atomic_u32_fetch_and
                0x0000000000001ade       0x30 Output/Debug/Obj/temperature_pca10040/nrf_atomic.o
                0x0000000000001ade                nrf_atomic_u32_fetch_and
 .text.nrf_atomic_u32_add
                0x0000000000001b0e       0x30 Output/Debug/Obj/temperature_pca10040/nrf_atomic.o
                0x0000000000001b0e                nrf_atomic_u32_add
 .text.nrf_atomic_u32_sub
                0x0000000000001b3e       0x30 Output/Debug/Obj/temperature_pca10040/nrf_atomic.o
                0x0000000000001b3e                nrf_atomic_u32_sub
 .text.nrf_atomic_flag_set
                0x0000000000001b6e       0x18 Output/Debug/Obj/temperature_pca10040/nrf_atomic.o
                0x0000000000001b6e                nrf_atomic_flag_set
 .text.nrf_atomic_flag_clear_fetch
                0x0000000000001b86       0x18 Output/Debug/Obj/temperature_pca10040/nrf_atomic.o
                0x0000000000001b86                nrf_atomic_flag_clear_fetch
 *fill*         0x0000000000001b9e        0x2 
 .text.nrf_balloc_idx2block
                0x0000000000001ba0       0x38 Output/Debug/Obj/temperature_pca10040/nrf_balloc.o
 .text.nrf_balloc_block2idx
                0x0000000000001bd8       0x34 Output/Debug/Obj/temperature_pca10040/nrf_balloc.o
 .text.nrf_balloc_init
                0x0000000000001c0c       0xb8 Output/Debug/Obj/temperature_pca10040/nrf_balloc.o
                0x0000000000001c0c                nrf_balloc_init
 .text.nrf_balloc_alloc
                0x0000000000001cc4       0x84 Output/Debug/Obj/temperature_pca10040/nrf_balloc.o
                0x0000000000001cc4                nrf_balloc_alloc
 .text.nrf_balloc_free
                0x0000000000001d48       0x58 Output/Debug/Obj/temperature_pca10040/nrf_balloc.o
                0x0000000000001d48                nrf_balloc_free
 .text.nrf_fprintf_buffer_flush
                0x0000000000001da0       0x44 Output/Debug/Obj/temperature_pca10040/nrf_fprintf.o
                0x0000000000001da0                nrf_fprintf_buffer_flush
 .text.nrf_fprintf
                0x0000000000001de4       0x74 Output/Debug/Obj/temperature_pca10040/nrf_fprintf.o
                0x0000000000001de4                nrf_fprintf
 .text.buffer_add
                0x0000000000001e58       0x4c Output/Debug/Obj/temperature_pca10040/nrf_fprintf_format.o
 .text.string_print
                0x0000000000001ea4       0xc2 Output/Debug/Obj/temperature_pca10040/nrf_fprintf_format.o
 *fill*         0x0000000000001f66        0x2 
 .text.unsigned_print
                0x0000000000001f68      0x130 Output/Debug/Obj/temperature_pca10040/nrf_fprintf_format.o
 .text.int_print
                0x0000000000002098      0x11c Output/Debug/Obj/temperature_pca10040/nrf_fprintf_format.o
 .text.nrf_fprintf_fmt
                0x00000000000021b4      0x388 Output/Debug/Obj/temperature_pca10040/nrf_fprintf_format.o
                0x00000000000021b4                nrf_fprintf_fmt
 .text.nrf_memobj_pool_init
                0x000000000000253c       0x16 Output/Debug/Obj/temperature_pca10040/nrf_memobj.o
                0x000000000000253c                nrf_memobj_pool_init
 .text.nrf_memobj_alloc
                0x0000000000002552       0xae Output/Debug/Obj/temperature_pca10040/nrf_memobj.o
                0x0000000000002552                nrf_memobj_alloc
 .text.nrf_memobj_free
                0x0000000000002600       0x74 Output/Debug/Obj/temperature_pca10040/nrf_memobj.o
                0x0000000000002600                nrf_memobj_free
 .text.nrf_memobj_get
                0x0000000000002674       0x1e Output/Debug/Obj/temperature_pca10040/nrf_memobj.o
                0x0000000000002674                nrf_memobj_get
 .text.nrf_memobj_put
                0x0000000000002692       0x34 Output/Debug/Obj/temperature_pca10040/nrf_memobj.o
                0x0000000000002692                nrf_memobj_put
 *fill*         0x00000000000026c6        0x2 
 .text.memobj_op
                0x00000000000026c8      0x124 Output/Debug/Obj/temperature_pca10040/nrf_memobj.o
 .text.nrf_memobj_write
                0x00000000000027ec       0x3c Output/Debug/Obj/temperature_pca10040/nrf_memobj.o
                0x00000000000027ec                nrf_memobj_write
 .text.nrf_memobj_read
                0x0000000000002828       0x40 Output/Debug/Obj/temperature_pca10040/nrf_memobj.o
                0x0000000000002828                nrf_memobj_read
 .text.nrf_ringbuf_init
                0x0000000000002868       0x3a Output/Debug/Obj/temperature_pca10040/nrf_ringbuf.o
                0x0000000000002868                nrf_ringbuf_init
 *fill*         0x00000000000028a2        0x2 
 .text.nrf_strerror_get
                0x00000000000028a4       0x28 Output/Debug/Obj/temperature_pca10040/nrf_strerror.o
                0x00000000000028a4                nrf_strerror_get
 .text.nrf_strerror_find
                0x00000000000028cc       0x68 Output/Debug/Obj/temperature_pca10040/nrf_strerror.o
                0x00000000000028cc                nrf_strerror_find
 .text.uarte_evt_handler
                0x0000000000002934       0x50 Output/Debug/Obj/temperature_pca10040/nrf_drv_uart.o
 .text.uart_evt_handler
                0x0000000000002984       0x50 Output/Debug/Obj/temperature_pca10040/nrf_drv_uart.o
 .text.nrf_drv_uart_init
                0x00000000000029d4       0xc0 Output/Debug/Obj/temperature_pca10040/nrf_drv_uart.o
                0x00000000000029d4                nrf_drv_uart_init
 .text.UARTE0_UART0_IRQHandler
                0x0000000000002a94       0x24 Output/Debug/Obj/temperature_pca10040/nrfx_prs.o
                0x0000000000002a94                UARTE0_UART0_IRQHandler
 .text.prs_box_get
                0x0000000000002ab8       0x20 Output/Debug/Obj/temperature_pca10040/nrfx_prs.o
 .text.nrfx_prs_acquire
                0x0000000000002ad8       0xc8 Output/Debug/Obj/temperature_pca10040/nrfx_prs.o
                0x0000000000002ad8                nrfx_prs_acquire
 .text.nrfx_prs_release
                0x0000000000002ba0       0x3c Output/Debug/Obj/temperature_pca10040/nrfx_prs.o
                0x0000000000002ba0                nrfx_prs_release
 .text.NVIC_EnableIRQ
                0x0000000000002bdc       0x2c Output/Debug/Obj/temperature_pca10040/nrfx_uart.o
 .text.NVIC_DisableIRQ
                0x0000000000002c08       0x30 Output/Debug/Obj/temperature_pca10040/nrfx_uart.o
 .text.NVIC_SetPriority
                0x0000000000002c38       0x50 Output/Debug/Obj/temperature_pca10040/nrfx_uart.o
 .text.nrfx_get_irq_number
                0x0000000000002c88       0x10 Output/Debug/Obj/temperature_pca10040/nrfx_uart.o
 .text._NRFX_IRQ_PRIORITY_SET
                0x0000000000002c98       0x40 Output/Debug/Obj/temperature_pca10040/nrfx_uart.o
 .text._NRFX_IRQ_ENABLE
                0x0000000000002cd8       0x1c Output/Debug/Obj/temperature_pca10040/nrfx_uart.o
 .text._NRFX_IRQ_DISABLE
                0x0000000000002cf4       0x1c Output/Debug/Obj/temperature_pca10040/nrfx_uart.o
 .text.nrf_uart_event_clear
                0x0000000000002d10       0x2a Output/Debug/Obj/temperature_pca10040/nrfx_uart.o
 .text.nrf_uart_event_check
                0x0000000000002d3a       0x24 Output/Debug/Obj/temperature_pca10040/nrfx_uart.o
 .text.nrf_uart_int_enable
                0x0000000000002d5e       0x14 Output/Debug/Obj/temperature_pca10040/nrfx_uart.o
 .text.nrf_uart_int_enable_check
                0x0000000000002d72       0x20 Output/Debug/Obj/temperature_pca10040/nrfx_uart.o
 .text.nrf_uart_int_disable
                0x0000000000002d92       0x14 Output/Debug/Obj/temperature_pca10040/nrfx_uart.o
 .text.nrf_uart_errorsrc_get_and_clear
                0x0000000000002da6       0x1c Output/Debug/Obj/temperature_pca10040/nrfx_uart.o
 .text.nrf_uart_enable
                0x0000000000002dc2       0x12 Output/Debug/Obj/temperature_pca10040/nrfx_uart.o
 .text.nrf_uart_disable
                0x0000000000002dd4       0x12 Output/Debug/Obj/temperature_pca10040/nrfx_uart.o
 .text.nrf_uart_txrx_pins_set
                0x0000000000002de6       0x1e Output/Debug/Obj/temperature_pca10040/nrfx_uart.o
 .text.nrf_uart_txrx_pins_disconnect
                0x0000000000002e04       0x1c Output/Debug/Obj/temperature_pca10040/nrfx_uart.o
 .text.nrf_uart_tx_pin_get
                0x0000000000002e20       0x10 Output/Debug/Obj/temperature_pca10040/nrfx_uart.o
 .text.nrf_uart_rx_pin_get
                0x0000000000002e30       0x10 Output/Debug/Obj/temperature_pca10040/nrfx_uart.o
 .text.nrf_uart_rts_pin_get
                0x0000000000002e40       0x10 Output/Debug/Obj/temperature_pca10040/nrfx_uart.o
 .text.nrf_uart_cts_pin_get
                0x0000000000002e50       0x10 Output/Debug/Obj/temperature_pca10040/nrfx_uart.o
 .text.nrf_uart_hwfc_pins_set
                0x0000000000002e60       0x1e Output/Debug/Obj/temperature_pca10040/nrfx_uart.o
 .text.nrf_uart_hwfc_pins_disconnect
                0x0000000000002e7e       0x1c Output/Debug/Obj/temperature_pca10040/nrfx_uart.o
 .text.nrf_uart_rxd_get
                0x0000000000002e9a       0x12 Output/Debug/Obj/temperature_pca10040/nrfx_uart.o
 .text.nrf_uart_txd_set
                0x0000000000002eac       0x1a Output/Debug/Obj/temperature_pca10040/nrfx_uart.o
 .text.nrf_uart_task_trigger
                0x0000000000002ec6       0x1c Output/Debug/Obj/temperature_pca10040/nrfx_uart.o
 .text.nrf_uart_configure
                0x0000000000002ee2       0x2a Output/Debug/Obj/temperature_pca10040/nrfx_uart.o
 .text.nrf_uart_baudrate_set
                0x0000000000002f0c       0x14 Output/Debug/Obj/temperature_pca10040/nrfx_uart.o
 .text.nrf_gpio_pin_port_decode
                0x0000000000002f20       0x28 Output/Debug/Obj/temperature_pca10040/nrfx_uart.o
 .text.nrf_gpio_cfg
                0x0000000000002f48       0x62 Output/Debug/Obj/temperature_pca10040/nrfx_uart.o
 .text.nrf_gpio_cfg_output
                0x0000000000002faa       0x22 Output/Debug/Obj/temperature_pca10040/nrfx_uart.o
 .text.nrf_gpio_cfg_input
                0x0000000000002fcc       0x2a Output/Debug/Obj/temperature_pca10040/nrfx_uart.o
 .text.nrf_gpio_cfg_default
                0x0000000000002ff6       0x22 Output/Debug/Obj/temperature_pca10040/nrfx_uart.o
 .text.nrf_gpio_pin_set
                0x0000000000003018       0x28 Output/Debug/Obj/temperature_pca10040/nrfx_uart.o
 .text.nrf_gpio_port_out_set
                0x0000000000003040       0x14 Output/Debug/Obj/temperature_pca10040/nrfx_uart.o
 .text.apply_config
                0x0000000000003054       0xc6 Output/Debug/Obj/temperature_pca10040/nrfx_uart.o
 *fill*         0x000000000000311a        0x2 
 .text.interrupts_enable
                0x000000000000311c       0x6c Output/Debug/Obj/temperature_pca10040/nrfx_uart.o
 .text.interrupts_disable
                0x0000000000003188       0x30 Output/Debug/Obj/temperature_pca10040/nrfx_uart.o
 .text.pins_to_default
                0x00000000000031b8       0x8a Output/Debug/Obj/temperature_pca10040/nrfx_uart.o
 *fill*         0x0000000000003242        0x2 
 .text.nrfx_uart_init
                0x0000000000003244       0xd4 Output/Debug/Obj/temperature_pca10040/nrfx_uart.o
                0x0000000000003244                nrfx_uart_init
 .text.nrfx_uart_uninit
                0x0000000000003318       0x5c Output/Debug/Obj/temperature_pca10040/nrfx_uart.o
                0x0000000000003318                nrfx_uart_uninit
 .text.tx_byte  0x0000000000003374       0x40 Output/Debug/Obj/temperature_pca10040/nrfx_uart.o
 .text.tx_blocking
                0x00000000000033b4       0x4e Output/Debug/Obj/temperature_pca10040/nrfx_uart.o
 *fill*         0x0000000000003402        0x2 
 .text.nrfx_uart_tx
                0x0000000000003404      0x110 Output/Debug/Obj/temperature_pca10040/nrfx_uart.o
                0x0000000000003404                nrfx_uart_tx
 .text.nrfx_uart_tx_in_progress
                0x0000000000003514       0x2c Output/Debug/Obj/temperature_pca10040/nrfx_uart.o
                0x0000000000003514                nrfx_uart_tx_in_progress
 .text.rx_byte  0x0000000000003540       0x4e Output/Debug/Obj/temperature_pca10040/nrfx_uart.o
 .text.rx_done_event
                0x000000000000358e       0x2e Output/Debug/Obj/temperature_pca10040/nrfx_uart.o
 .text.tx_done_event
                0x00000000000035bc       0x34 Output/Debug/Obj/temperature_pca10040/nrfx_uart.o
 .text.uart_irq_handler
                0x00000000000035f0      0x1da Output/Debug/Obj/temperature_pca10040/nrfx_uart.o
 *fill*         0x00000000000037ca        0x2 
 .text.nrfx_uart_0_irq_handler
                0x00000000000037cc       0x18 Output/Debug/Obj/temperature_pca10040/nrfx_uart.o
                0x00000000000037cc                nrfx_uart_0_irq_handler
 .text.NVIC_EnableIRQ
                0x00000000000037e4       0x2c Output/Debug/Obj/temperature_pca10040/nrfx_uarte.o
 .text.NVIC_DisableIRQ
                0x0000000000003810       0x30 Output/Debug/Obj/temperature_pca10040/nrfx_uarte.o
 .text.NVIC_SetPriority
                0x0000000000003840       0x50 Output/Debug/Obj/temperature_pca10040/nrfx_uarte.o
 .text.nrfx_is_in_ram
                0x0000000000003890       0x1c Output/Debug/Obj/temperature_pca10040/nrfx_uarte.o
 .text.nrfx_get_irq_number
                0x00000000000038ac       0x10 Output/Debug/Obj/temperature_pca10040/nrfx_uarte.o
 .text._NRFX_IRQ_PRIORITY_SET
                0x00000000000038bc       0x40 Output/Debug/Obj/temperature_pca10040/nrfx_uarte.o
 .text._NRFX_IRQ_ENABLE
                0x00000000000038fc       0x1c Output/Debug/Obj/temperature_pca10040/nrfx_uarte.o
 .text._NRFX_IRQ_DISABLE
                0x0000000000003918       0x1c Output/Debug/Obj/temperature_pca10040/nrfx_uarte.o
 .text.nrf_uarte_event_clear
                0x0000000000003934       0x2a Output/Debug/Obj/temperature_pca10040/nrfx_uarte.o
 .text.nrf_uarte_event_check
                0x000000000000395e       0x24 Output/Debug/Obj/temperature_pca10040/nrfx_uarte.o
 .text.nrf_uarte_shorts_disable
                0x0000000000003982       0x1e Output/Debug/Obj/temperature_pca10040/nrfx_uarte.o
 .text.nrf_uarte_int_enable
                0x00000000000039a0       0x14 Output/Debug/Obj/temperature_pca10040/nrfx_uarte.o
 .text.nrf_uarte_int_disable
                0x00000000000039b4       0x14 Output/Debug/Obj/temperature_pca10040/nrfx_uarte.o
 .text.nrf_uarte_errorsrc_get_and_clear
                0x00000000000039c8       0x1c Output/Debug/Obj/temperature_pca10040/nrfx_uarte.o
 .text.nrf_uarte_enable
                0x00000000000039e4       0x12 Output/Debug/Obj/temperature_pca10040/nrfx_uarte.o
 .text.nrf_uarte_disable
                0x00000000000039f6       0x12 Output/Debug/Obj/temperature_pca10040/nrfx_uarte.o
 .text.nrf_uarte_txrx_pins_set
                0x0000000000003a08       0x1e Output/Debug/Obj/temperature_pca10040/nrfx_uarte.o
 .text.nrf_uarte_txrx_pins_disconnect
                0x0000000000003a26       0x1c Output/Debug/Obj/temperature_pca10040/nrfx_uarte.o
 .text.nrf_uarte_tx_pin_get
                0x0000000000003a42       0x10 Output/Debug/Obj/temperature_pca10040/nrfx_uarte.o
 .text.nrf_uarte_rx_pin_get
                0x0000000000003a52       0x10 Output/Debug/Obj/temperature_pca10040/nrfx_uarte.o
 .text.nrf_uarte_rts_pin_get
                0x0000000000003a62       0x10 Output/Debug/Obj/temperature_pca10040/nrfx_uarte.o
 .text.nrf_uarte_cts_pin_get
                0x0000000000003a72       0x10 Output/Debug/Obj/temperature_pca10040/nrfx_uarte.o
 .text.nrf_uarte_hwfc_pins_set
                0x0000000000003a82       0x1e Output/Debug/Obj/temperature_pca10040/nrfx_uarte.o
 .text.nrf_uarte_hwfc_pins_disconnect
                0x0000000000003aa0       0x1c Output/Debug/Obj/temperature_pca10040/nrfx_uarte.o
 .text.nrf_uarte_task_trigger
                0x0000000000003abc       0x1c Output/Debug/Obj/temperature_pca10040/nrfx_uarte.o
 .text.nrf_uarte_configure
                0x0000000000003ad8       0x2a Output/Debug/Obj/temperature_pca10040/nrfx_uarte.o
 .text.nrf_uarte_baudrate_set
                0x0000000000003b02       0x14 Output/Debug/Obj/temperature_pca10040/nrfx_uarte.o
 .text.nrf_uarte_tx_buffer_set
                0x0000000000003b16       0x1e Output/Debug/Obj/temperature_pca10040/nrfx_uarte.o
 .text.nrf_uarte_tx_amount_get
                0x0000000000003b34       0x10 Output/Debug/Obj/temperature_pca10040/nrfx_uarte.o
 .text.nrf_uarte_rx_amount_get
                0x0000000000003b44       0x10 Output/Debug/Obj/temperature_pca10040/nrfx_uarte.o
 .text.nrf_gpio_pin_port_decode
                0x0000000000003b54       0x28 Output/Debug/Obj/temperature_pca10040/nrfx_uarte.o
 .text.nrf_gpio_cfg
                0x0000000000003b7c       0x62 Output/Debug/Obj/temperature_pca10040/nrfx_uarte.o
 .text.nrf_gpio_cfg_output
                0x0000000000003bde       0x22 Output/Debug/Obj/temperature_pca10040/nrfx_uarte.o
 .text.nrf_gpio_cfg_input
                0x0000000000003c00       0x2a Output/Debug/Obj/temperature_pca10040/nrfx_uarte.o
 .text.nrf_gpio_cfg_default
                0x0000000000003c2a       0x22 Output/Debug/Obj/temperature_pca10040/nrfx_uarte.o
 .text.nrf_gpio_pin_set
                0x0000000000003c4c       0x28 Output/Debug/Obj/temperature_pca10040/nrfx_uarte.o
 .text.nrf_gpio_port_out_set
                0x0000000000003c74       0x14 Output/Debug/Obj/temperature_pca10040/nrfx_uarte.o
 .text.apply_config
                0x0000000000003c88       0xc6 Output/Debug/Obj/temperature_pca10040/nrfx_uarte.o
 *fill*         0x0000000000003d4e        0x2 
 .text.interrupts_enable
                0x0000000000003d50       0x88 Output/Debug/Obj/temperature_pca10040/nrfx_uarte.o
 .text.interrupts_disable
                0x0000000000003dd8       0x30 Output/Debug/Obj/temperature_pca10040/nrfx_uarte.o
 .text.pins_to_default
                0x0000000000003e08       0x8a Output/Debug/Obj/temperature_pca10040/nrfx_uarte.o
 *fill*         0x0000000000003e92        0x2 
 .text.nrfx_uarte_init
                0x0000000000003e94       0xcc Output/Debug/Obj/temperature_pca10040/nrfx_uarte.o
                0x0000000000003e94                nrfx_uarte_init
 .text.nrfx_uarte_uninit
                0x0000000000003f60       0x5c Output/Debug/Obj/temperature_pca10040/nrfx_uarte.o
                0x0000000000003f60                nrfx_uarte_uninit
 .text.nrfx_uarte_tx
                0x0000000000003fbc      0x154 Output/Debug/Obj/temperature_pca10040/nrfx_uarte.o
                0x0000000000003fbc                nrfx_uarte_tx
 .text.nrfx_uarte_tx_in_progress
                0x0000000000004110       0x30 Output/Debug/Obj/temperature_pca10040/nrfx_uarte.o
                0x0000000000004110                nrfx_uarte_tx_in_progress
 .text.rx_done_event
                0x0000000000004140       0x2e Output/Debug/Obj/temperature_pca10040/nrfx_uarte.o
 .text.tx_done_event
                0x000000000000416e       0x34 Output/Debug/Obj/temperature_pca10040/nrfx_uarte.o
 .text.uarte_irq_handler
                0x00000000000041a2      0x152 Output/Debug/Obj/temperature_pca10040/nrfx_uarte.o
 .text.nrfx_uarte_0_irq_handler
                0x00000000000042f4       0x18 Output/Debug/Obj/temperature_pca10040/nrfx_uarte.o
                0x00000000000042f4                nrfx_uarte_0_irq_handler
 .text.NVIC_SystemReset
                0x000000000000430c       0x2c Output/Debug/Obj/temperature_pca10040/main.o
 .text.nrfx_coredep_delay_us
                0x0000000000004338       0x30 Output/Debug/Obj/temperature_pca10040/main.o
 .text.nrf_delay_ms
                0x0000000000004368       0x2a Output/Debug/Obj/temperature_pca10040/main.o
 *fill*         0x0000000000004392        0x2 
 .text.nrf_gpio_pin_port_decode
                0x0000000000004394       0x28 Output/Debug/Obj/temperature_pca10040/main.o
 .text.nrf_gpio_cfg
                0x00000000000043bc       0x62 Output/Debug/Obj/temperature_pca10040/main.o
 .text.nrf_gpio_cfg_output
                0x000000000000441e       0x22 Output/Debug/Obj/temperature_pca10040/main.o
 .text.nrf_gpio_cfg_input
                0x0000000000004440       0x2a Output/Debug/Obj/temperature_pca10040/main.o
 .text.nrf_gpio_pin_set
                0x000000000000446a       0x28 Output/Debug/Obj/temperature_pca10040/main.o
 .text.nrf_gpio_pin_clear
                0x0000000000004492       0x28 Output/Debug/Obj/temperature_pca10040/main.o
 .text.nrf_gpio_pin_read
                0x00000000000044ba       0x2a Output/Debug/Obj/temperature_pca10040/main.o
 .text.nrf_gpio_port_in_read
                0x00000000000044e4       0x10 Output/Debug/Obj/temperature_pca10040/main.o
 .text.nrf_gpio_port_out_set
                0x00000000000044f4       0x14 Output/Debug/Obj/temperature_pca10040/main.o
 .text.nrf_gpio_port_out_clear
                0x0000000000004508       0x14 Output/Debug/Obj/temperature_pca10040/main.o
 .text.hardware_init
                0x000000000000451c       0x3e Output/Debug/Obj/temperature_pca10040/main.o
                0x000000000000451c                hardware_init
 .text.startup_greeting
                0x000000000000455a       0x5c Output/Debug/Obj/temperature_pca10040/main.o
                0x000000000000455a                startup_greeting
 *fill*         0x00000000000045b6        0x2 
 .text.write_calibration_data
                0x00000000000045b8       0xe4 Output/Debug/Obj/temperature_pca10040/main.o
                0x00000000000045b8                write_calibration_data
 .text.main     0x000000000000469c       0xb4 Output/Debug/Obj/temperature_pca10040/main.o
                0x000000000000469c                main
 .text._DoInit  0x0000000000004750       0x9c Output/Debug/Obj/temperature_pca10040/SEGGER_RTT.o
 .text._WriteBlocking
                0x00000000000047ec       0xb2 Output/Debug/Obj/temperature_pca10040/SEGGER_RTT.o
 .text._WriteNoCheck
                0x000000000000489e       0x7e Output/Debug/Obj/temperature_pca10040/SEGGER_RTT.o
 .text._GetAvailWriteSpace
                0x000000000000491c       0x3c Output/Debug/Obj/temperature_pca10040/SEGGER_RTT.o
 .text.SEGGER_RTT_WriteNoLock
                0x0000000000004958       0xa0 Output/Debug/Obj/temperature_pca10040/SEGGER_RTT.o
                0x0000000000004958                SEGGER_RTT_WriteNoLock
 .text.SEGGER_RTT_Init
                0x00000000000049f8        0xa Output/Debug/Obj/temperature_pca10040/SEGGER_RTT.o
                0x00000000000049f8                SEGGER_RTT_Init
 *fill*         0x0000000000004a02        0x2 
 .text.NVIC_SystemReset
                0x0000000000004a04       0x2c Output/Debug/Obj/temperature_pca10040/system_nrf52.o
 .text.SystemCoreClockUpdate
                0x0000000000004a30       0x14 Output/Debug/Obj/temperature_pca10040/system_nrf52.o
                0x0000000000004a30                SystemCoreClockUpdate
 .text.SystemInit
                0x0000000000004a44      0x2d8 Output/Debug/Obj/temperature_pca10040/system_nrf52.o
                0x0000000000004a44                SystemInit
 .text.errata_12
                0x0000000000004d1c       0x58 Output/Debug/Obj/temperature_pca10040/system_nrf52.o
 .text.errata_16
                0x0000000000004d74       0x38 Output/Debug/Obj/temperature_pca10040/system_nrf52.o
 .text.errata_31
                0x0000000000004dac       0x58 Output/Debug/Obj/temperature_pca10040/system_nrf52.o
 .text.errata_32
                0x0000000000004e04       0x38 Output/Debug/Obj/temperature_pca10040/system_nrf52.o
 .text.errata_36
                0x0000000000004e3c       0x58 Output/Debug/Obj/temperature_pca10040/system_nrf52.o
 .text.errata_37
                0x0000000000004e94       0x38 Output/Debug/Obj/temperature_pca10040/system_nrf52.o
 .text.errata_57
                0x0000000000004ecc       0x38 Output/Debug/Obj/temperature_pca10040/system_nrf52.o
 .text.errata_66
                0x0000000000004f04       0x38 Output/Debug/Obj/temperature_pca10040/system_nrf52.o
 .text.errata_108
                0x0000000000004f3c       0x58 Output/Debug/Obj/temperature_pca10040/system_nrf52.o
 .text.errata_136
                0x0000000000004f94       0x58 Output/Debug/Obj/temperature_pca10040/system_nrf52.o
 .text.errata_182
                0x0000000000004fec       0x24 Output/Debug/Obj/temperature_pca10040/system_nrf52.o
 .text.libc.__SEGGER_RTL_ascii_mbtowc
                0x0000000000005010       0x34 C:/Program Files/SEGGER/SEGGER Embedded Studio for ARM 7.32a/lib/libc_v7em_fpv4_sp_d16_hard_t_le_eabi_balanced.a(mbops.o)
                0x0000000000005010                __SEGGER_RTL_ascii_mbtowc
 .text.libc.__SEGGER_RTL_ascii_wctomb
                0x0000000000005044        0xe C:/Program Files/SEGGER/SEGGER Embedded Studio for ARM 7.32a/lib/libc_v7em_fpv4_sp_d16_hard_t_le_eabi_balanced.a(mbops.o)
                0x0000000000005044                __SEGGER_RTL_ascii_wctomb
 .text.libc.__SEGGER_RTL_isctype
                0x0000000000005052       0x20 C:/Program Files/SEGGER/SEGGER Embedded Studio for ARM 7.32a/lib/libc_v7em_fpv4_sp_d16_hard_t_le_eabi_balanced.a(mbops.o)
 .text.libc.isprint
                0x0000000000005072        0x6 C:/Program Files/SEGGER/SEGGER Embedded Studio for ARM 7.32a/lib/libc_v7em_fpv4_sp_d16_hard_t_le_eabi_balanced.a(mbops.o)
                0x0000000000005072                isprint
 .text.libc.__SEGGER_RTL_ascii_isctype
                0x0000000000005078       0x20 C:/Program Files/SEGGER/SEGGER Embedded Studio for ARM 7.32a/lib/libc_v7em_fpv4_sp_d16_hard_t_le_eabi_balanced.a(mbops.o)
 .text.libc.__SEGGER_RTL_ascii_toupper
                0x0000000000005098        0xc C:/Program Files/SEGGER/SEGGER Embedded Studio for ARM 7.32a/lib/libc_v7em_fpv4_sp_d16_hard_t_le_eabi_balanced.a(mbops.o)
 .text.libc.__SEGGER_RTL_ascii_tolower
                0x00000000000050a4        0xc C:/Program Files/SEGGER/SEGGER Embedded Studio for ARM 7.32a/lib/libc_v7em_fpv4_sp_d16_hard_t_le_eabi_balanced.a(mbops.o)
 .text.libc.__SEGGER_RTL_ascii_iswctype
                0x00000000000050b0       0x20 C:/Program Files/SEGGER/SEGGER Embedded Studio for ARM 7.32a/lib/libc_v7em_fpv4_sp_d16_hard_t_le_eabi_balanced.a(mbops.o)
 .text.libc.__SEGGER_RTL_ascii_towupper
                0x00000000000050d0        0xc C:/Program Files/SEGGER/SEGGER Embedded Studio for ARM 7.32a/lib/libc_v7em_fpv4_sp_d16_hard_t_le_eabi_balanced.a(mbops.o)
 .text.libc.__SEGGER_RTL_ascii_towlower
                0x00000000000050dc        0xc C:/Program Files/SEGGER/SEGGER Embedded Studio for ARM 7.32a/lib/libc_v7em_fpv4_sp_d16_hard_t_le_eabi_balanced.a(mbops.o)
 .text.libc.__SEGGER_RTL_init_heap
                0x00000000000050e8       0x18 C:/Program Files/SEGGER/SEGGER Embedded Studio for ARM 7.32a/lib/heapops_basic_v7em_fpv4_sp_d16_hard_t_le_eabi_balanced.a(heapops_basic.o)
                0x00000000000050e8                __SEGGER_RTL_init_heap
 .text.libc.strlen
                0x0000000000005100       0x2c C:/Program Files/SEGGER/SEGGER Embedded Studio for ARM 7.32a/lib/strops_unaligned_v7em_fpv4_sp_d16_hard_t_le_eabi_balanced.a(strops.o)
                0x0000000000005100                strlen
 .text.libc.memcpy
                0x000000000000512c       0x5c C:/Program Files/SEGGER/SEGGER Embedded Studio for ARM 7.32a/lib/strops_unaligned_v7em_fpv4_sp_d16_hard_t_le_eabi_balanced.a(strasmops_arm.o)
                0x000000000000512c                __aeabi_memcpy
                0x000000000000512c                memcpy
                0x000000000000514a                __aeabi_memcpy8
                0x000000000000514a                __aeabi_memcpy4
                0x0000000000005188                __text_end__ = (__text_start__ + SIZEOF (.text))
                0x0000000000004da0                __text_size__ = SIZEOF (.text)
                0x0000000000005188                __text_load_end__ = __text_end__

.vfp11_veneer   0x0000000100000000        0x0
 .vfp11_veneer  0x0000000100000000        0x0 linker stubs

.v4_bx          0x0000000100000000        0x0
 .v4_bx         0x0000000100000000        0x0 linker stubs

.iplt           0x0000000100000000        0x0
 .iplt          0x0000000100000000        0x0 Output/Debug/Obj/temperature_pca10040/thumb_crt0.o
                0x0000000000000001                . = ASSERT (((__text_start__ == __text_end__) || ((__text_end__ - __FLASH_segment_start__) <= __FLASH_segment_size__)), error: .text is too large to fit in FLASH memory segment)
                0x0000000000005188                __log_const_data_load_start__ = ALIGN (__text_end__, 0x4)

.log_const_data
                0x0000000000005188       0x20
                0x0000000000005188                __log_const_data_start__ = .
                0x0000000000005188                __start_log_const_data = __log_const_data_start__
 *(SORT_BY_NAME(.log_const_data*))
 .log_const_data_PRS
                0x0000000000005188        0x8 Output/Debug/Obj/temperature_pca10040/nrfx_prs.o
                0x0000000000005188                m_nrf_log_PRS_logs_data_const
 .log_const_data_UART
                0x0000000000005190        0x8 Output/Debug/Obj/temperature_pca10040/nrfx_uart.o
                0x0000000000005190                m_nrf_log_UART_logs_data_const
 .log_const_data_UARTE
                0x0000000000005198        0x8 Output/Debug/Obj/temperature_pca10040/nrfx_uarte.o
                0x0000000000005198                m_nrf_log_UARTE_logs_data_const
 .log_const_data_app
                0x00000000000051a0        0x8 Output/Debug/Obj/temperature_pca10040/nrf_log_frontend.o
                0x00000000000051a0                m_nrf_log_app_logs_data_const
                0x00000000000051a8                __log_const_data_end__ = (__log_const_data_start__ + SIZEOF (.log_const_data))
                0x0000000000000020                __log_const_data_size__ = SIZEOF (.log_const_data)
                0x00000000000051a8                __stop_log_const_data = __log_const_data_end__
                0x00000000000051a8                __log_const_data_load_end__ = __log_const_data_end__
                0x0000000000000001                . = ASSERT (((__log_const_data_start__ == __log_const_data_end__) || ((__log_const_data_end__ - __FLASH_segment_start__) <= __FLASH_segment_size__)), error: .log_const_data is too large to fit in FLASH memory segment)
                0x00000000000051a8                __log_backends_load_start__ = ALIGN (__log_const_data_end__, 0x4)

.log_backends   0x00000000000051a8       0x20
                0x00000000000051a8                __log_backends_start__ = .
                0x00000000000051a8                __start_log_backends = __log_backends_start__
 *(SORT_BY_NAME(.log_backends*))
 .log_backends  0x00000000000051a8       0x20 Output/Debug/Obj/temperature_pca10040/nrf_log_default_backends.o
                0x00000000000051c8                __log_backends_end__ = (__log_backends_start__ + SIZEOF (.log_backends))
                0x0000000000000020                __log_backends_size__ = SIZEOF (.log_backends)
                0x00000000000051c8                __stop_log_backends = __log_backends_end__
                0x00000000000051c8                __log_backends_load_end__ = __log_backends_end__
                0x0000000000000001                . = ASSERT (((__log_backends_start__ == __log_backends_end__) || ((__log_backends_end__ - __FLASH_segment_start__) <= __FLASH_segment_size__)), error: .log_backends is too large to fit in FLASH memory segment)
                0x00000000000051c8                __nrf_balloc_load_start__ = ALIGN (__log_backends_end__, 0x4)

.nrf_balloc     0x00000000000051c8       0x14
                0x00000000000051c8                __nrf_balloc_start__ = .
                0x00000000000051c8                __start_nrf_balloc = __nrf_balloc_start__
 *(.nrf_balloc*)
 .nrf_balloc    0x00000000000051c8       0x14 Output/Debug/Obj/temperature_pca10040/nrf_log_frontend.o
                0x00000000000051c8                log_mempool
                0x00000000000051dc                __nrf_balloc_end__ = (__nrf_balloc_start__ + SIZEOF (.nrf_balloc))
                0x0000000000000014                __nrf_balloc_size__ = SIZEOF (.nrf_balloc)
                0x00000000000051dc                __stop_nrf_balloc = __nrf_balloc_end__
                0x00000000000051dc                __nrf_balloc_load_end__ = __nrf_balloc_end__
                0x0000000000000001                . = ASSERT (((__nrf_balloc_start__ == __nrf_balloc_end__) || ((__nrf_balloc_end__ - __FLASH_segment_start__) <= __FLASH_segment_size__)), error: .nrf_balloc is too large to fit in FLASH memory segment)
                0x00000000000051dc                __nrf_sections_load_start__ = ALIGN (__nrf_balloc_end__, 0x4)

.nrf_sections   0x00000000000051dc        0x0
                0x00000000000051dc                __nrf_sections_start__ = .
                0x00000000000051dc                __start_nrf_sections = __nrf_sections_start__
 *(.nrf_sections .nrf_sections.*)
                0x00000000000051dc                __nrf_sections_end__ = (__nrf_sections_start__ + SIZEOF (.nrf_sections))
                0x0000000000000000                __nrf_sections_size__ = SIZEOF (.nrf_sections)
                0x00000000000051dc                __nrf_sections_load_end__ = __nrf_sections_end__
                0x0000000000000001                . = ASSERT (((__nrf_sections_start__ == __nrf_sections_end__) || ((__nrf_sections_end__ - __FLASH_segment_start__) <= __FLASH_segment_size__)), error: .nrf_sections is too large to fit in FLASH memory segment)
                0x00000000000051dc                __log_dynamic_data_load_start__ = ALIGN (__nrf_sections_end__, 0x4)

.log_dynamic_data
                0x0000000020000000        0x0 load address 0x00000000000051dc
                0x0000000020000000                __log_dynamic_data_start__ = .
 *(SORT_BY_NAME(.log_dynamic_data*))
                0x0000000020000000                __log_dynamic_data_end__ = (__log_dynamic_data_start__ + SIZEOF (.log_dynamic_data))
                0x0000000000000000                __log_dynamic_data_size__ = SIZEOF (.log_dynamic_data)
                0x00000000000051dc                __log_dynamic_data_load_end__ = (__log_dynamic_data_load_start__ + SIZEOF (.log_dynamic_data))
                0x0000000000000001                . = ASSERT (((__log_dynamic_data_load_start__ == __log_dynamic_data_load_end__) || ((__log_dynamic_data_load_end__ - __FLASH_segment_start__) <= __FLASH_segment_size__)), error: .log_dynamic_data is too large to fit in FLASH memory segment)

.log_dynamic_data_run
                0x0000000020000000        0x0
                0x0000000020000000                __log_dynamic_data_run_start__ = .
                0x0000000020000000                __start_log_dynamic_data = __log_dynamic_data_run_start__
                0x0000000020000000                __log_dynamic_data_run_end__ = (__log_dynamic_data_run_start__ + SIZEOF (.log_dynamic_data))
                0x0000000000000000                __log_dynamic_data_run_size__ = (__log_dynamic_data_run_end__ - __log_dynamic_data_run_start__)
                0x0000000020000000                __stop_log_dynamic_data = __log_dynamic_data_run_end__
                0x0000000020000000                __log_dynamic_data_run_load_end__ = __log_dynamic_data_run_end__
                0x0000000000000001                . = ASSERT (((__log_dynamic_data_run_start__ == __log_dynamic_data_run_end__) || ((__log_dynamic_data_run_end__ - __RAM_segment_start__) <= __RAM_segment_size__)), error: .log_dynamic_data_run is too large to fit in RAM memory segment)
                0x00000000000051dc                __log_filter_data_load_start__ = ALIGN ((__log_dynamic_data_load_start__ + SIZEOF (.log_dynamic_data)), 0x4)

.log_filter_data
                0x0000000020000000        0x0 load address 0x00000000000051dc
                0x0000000020000000                __log_filter_data_start__ = .
 *(SORT_BY_NAME(.log_filter_data*))
                0x0000000020000000                __log_filter_data_end__ = (__log_filter_data_start__ + SIZEOF (.log_filter_data))
                0x0000000000000000                __log_filter_data_size__ = SIZEOF (.log_filter_data)
                0x00000000000051dc                __log_filter_data_load_end__ = (__log_filter_data_load_start__ + SIZEOF (.log_filter_data))
                0x0000000000000001                . = ASSERT (((__log_filter_data_load_start__ == __log_filter_data_load_end__) || ((__log_filter_data_load_end__ - __FLASH_segment_start__) <= __FLASH_segment_size__)), error: .log_filter_data is too large to fit in FLASH memory segment)

.log_filter_data_run
                0x0000000020000000        0x0
                0x0000000020000000                __log_filter_data_run_start__ = .
                0x0000000020000000                __start_log_filter_data = __log_filter_data_run_start__
                0x0000000020000000                __log_filter_data_run_end__ = (__log_filter_data_run_start__ + SIZEOF (.log_filter_data))
                0x0000000000000000                __log_filter_data_run_size__ = (__log_filter_data_run_end__ - __log_filter_data_run_start__)
                0x0000000020000000                __stop_log_filter_data = __log_filter_data_run_end__
                0x0000000020000000                __log_filter_data_run_load_end__ = __log_filter_data_run_end__
                0x0000000000000001                . = ASSERT (((__log_filter_data_run_start__ == __log_filter_data_run_end__) || ((__log_filter_data_run_end__ - __RAM_segment_start__) <= __RAM_segment_size__)), error: .log_filter_data_run is too large to fit in RAM memory segment)
                0x0000000020000000                __nrf_sections_run_end_load_start__ = ALIGN (__log_filter_data_run_end__, 0x4)

.nrf_sections_run_end
                0x0000000020000000        0x0
                0x0000000020000000                __nrf_sections_run_end_start__ = .
                0x0000000020000000                __end_nrf_sections_run = __nrf_sections_run_end_start__
 *(.nrf_sections_run_end .nrf_sections_run_end.*)
                0x0000000020000000                __nrf_sections_run_end_end__ = (__nrf_sections_run_end_start__ + SIZEOF (.nrf_sections_run_end))
                0x0000000000000000                __nrf_sections_run_end_size__ = SIZEOF (.nrf_sections_run_end)
                0x0000000020000000                __nrf_sections_run_end_load_end__ = __nrf_sections_run_end_end__
                0x0000000000000001                . = ASSERT (((__nrf_sections_run_end_start__ == __nrf_sections_run_end_end__) || ((__nrf_sections_run_end_end__ - __RAM_segment_start__) <= __RAM_segment_size__)), error: .nrf_sections_run_end is too large to fit in RAM memory segment)
                0x00000000000051dc                __dtors_load_start__ = ALIGN ((__log_filter_data_load_start__ + SIZEOF (.log_filter_data)), 0x4)

.dtors          0x00000000000051dc        0x0
                0x00000000000051dc                __dtors_start__ = .
 *(SORT_BY_NAME(.dtors.*))
 *(.dtors)
 *(.fini_array)
 *(SORT_BY_NAME(.fini_array.*))
                0x00000000000051dc                __dtors_end__ = (__dtors_start__ + SIZEOF (.dtors))
                0x0000000000000000                __dtors_size__ = SIZEOF (.dtors)
                0x00000000000051dc                __dtors_load_end__ = __dtors_end__
                0x0000000000000001                . = ASSERT (((__dtors_start__ == __dtors_end__) || ((__dtors_end__ - __FLASH_segment_start__) <= __FLASH_segment_size__)), error: .dtors is too large to fit in FLASH memory segment)
                0x00000000000051dc                __ctors_load_start__ = ALIGN (__dtors_end__, 0x4)

.ctors          0x00000000000051dc        0x0
                0x00000000000051dc                __ctors_start__ = .
 *(SORT_BY_NAME(.ctors.*))
 *(.ctors)
 *(.init_array)
 *(SORT_BY_NAME(.init_array.*))
                0x00000000000051dc                __ctors_end__ = (__ctors_start__ + SIZEOF (.ctors))
                0x0000000000000000                __ctors_size__ = SIZEOF (.ctors)
                0x00000000000051dc                __ctors_load_end__ = __ctors_end__
                0x0000000000000001                . = ASSERT (((__ctors_start__ == __ctors_end__) || ((__ctors_end__ - __FLASH_segment_start__) <= __FLASH_segment_size__)), error: .ctors is too large to fit in FLASH memory segment)
                0x00000000000051dc                __rodata_load_start__ = ALIGN (__ctors_end__, 0x4)

.rodata         0x00000000000051dc      0xcc5
                0x00000000000051dc                __rodata_start__ = .
 *(.rodata .rodata.* .gnu.linkonce.r.*)
 .rodata.nrf_log_backend_rtt_api
                0x00000000000051dc        0xc Output/Debug/Obj/temperature_pca10040/nrf_log_backend_rtt.o
                0x00000000000051dc                nrf_log_backend_rtt_api
 *fill*         0x00000000000051e8        0x8 
 .rodata.delay_machine_code.0
                0x00000000000051f0        0x6 Output/Debug/Obj/temperature_pca10040/nrf_log_backend_rtt.o
 *fill*         0x00000000000051f6        0x2 
 .rodata        0x00000000000051f8       0x58 Output/Debug/Obj/temperature_pca10040/nrf_log_backend_uart.o
 .rodata.nrf_log_backend_uart_api
                0x0000000000005250        0xc Output/Debug/Obj/temperature_pca10040/nrf_log_backend_uart.o
                0x0000000000005250                nrf_log_backend_uart_api
 .rodata        0x000000000000525c       0x5f Output/Debug/Obj/temperature_pca10040/nrf_log_default_backends.o
 *fill*         0x00000000000052bb        0x1 
 .rodata.m_log_push_ringbuf
                0x00000000000052bc        0xc Output/Debug/Obj/temperature_pca10040/nrf_log_frontend.o
 .rodata        0x00000000000052c8       0x49 Output/Debug/Obj/temperature_pca10040/nrf_log_frontend.o
 *fill*         0x0000000000005311        0x3 
 .rodata        0x0000000000005314       0xaa Output/Debug/Obj/temperature_pca10040/nrf_log_str_formatter.o
 *fill*         0x00000000000053be        0x2 
 .rodata        0x00000000000053c0       0x70 Output/Debug/Obj/temperature_pca10040/app_error_weak.o
 .rodata        0x0000000000005430       0x31 Output/Debug/Obj/temperature_pca10040/app_util_platform.o
 *fill*         0x0000000000005461        0x3 
 .rodata        0x0000000000005464       0x2c Output/Debug/Obj/temperature_pca10040/nrf_balloc.o
 .rodata        0x0000000000005490       0x22 Output/Debug/Obj/temperature_pca10040/nrf_fprintf.o
 *fill*         0x00000000000054b2        0x2 
 .rodata        0x00000000000054b4       0x29 Output/Debug/Obj/temperature_pca10040/nrf_fprintf_format.o
 *fill*         0x00000000000054dd        0x3 
 .rodata._aV2C.0
                0x00000000000054e0       0x10 Output/Debug/Obj/temperature_pca10040/nrf_fprintf_format.o
 .rodata        0x00000000000054f0       0x2c Output/Debug/Obj/temperature_pca10040/nrf_memobj.o
 .rodata.m_unknown_str
                0x000000000000551c       0x13 Output/Debug/Obj/temperature_pca10040/nrf_strerror.o
 *fill*         0x000000000000552f        0x1 
 .rodata        0x0000000000005530      0x3bd Output/Debug/Obj/temperature_pca10040/nrf_strerror.o
 *fill*         0x00000000000058ed        0x3 
 .rodata.nrf_strerror_array
                0x00000000000058f0      0x118 Output/Debug/Obj/temperature_pca10040/nrf_strerror.o
 .rodata        0x0000000000005a08       0x4e Output/Debug/Obj/temperature_pca10040/nrfx_prs.o
 *fill*         0x0000000000005a56        0x2 
 .rodata.__func__.0
                0x0000000000005a58       0x11 Output/Debug/Obj/temperature_pca10040/nrfx_prs.o
 *fill*         0x0000000000005a69        0x3 
 .rodata        0x0000000000005a6c       0x70 Output/Debug/Obj/temperature_pca10040/nrfx_uart.o
 .rodata.irq_handlers.0
                0x0000000000005adc        0x4 Output/Debug/Obj/temperature_pca10040/nrfx_uart.o
 .rodata        0x0000000000005ae0       0x71 Output/Debug/Obj/temperature_pca10040/nrfx_uarte.o
 *fill*         0x0000000000005b51        0x3 
 .rodata.irq_handlers.0
                0x0000000000005b54        0x4 Output/Debug/Obj/temperature_pca10040/nrfx_uarte.o
 .rodata        0x0000000000005b58       0xfe Output/Debug/Obj/temperature_pca10040/main.o
 *fill*         0x0000000000005c56        0xa 
 .rodata.delay_machine_code.0
                0x0000000000005c60        0x6 Output/Debug/Obj/temperature_pca10040/main.o
 *fill*         0x0000000000005c66        0x2 
 .rodata        0x0000000000005c68       0x17 Output/Debug/Obj/temperature_pca10040/SEGGER_RTT.o
 *fill*         0x0000000000005c7f        0x1 
 .rodata.libc.__SEGGER_RTL_c_locale
                0x0000000000005c80        0xc C:/Program Files/SEGGER/SEGGER Embedded Studio for ARM 7.32a/lib/libc_v7em_fpv4_sp_d16_hard_t_le_eabi_balanced.a(mbops.o)
                0x0000000000005c80                __SEGGER_RTL_c_locale
 .rodata.libc..L.str
                0x0000000000005c8c        0x2 C:/Program Files/SEGGER/SEGGER Embedded Studio for ARM 7.32a/lib/libc_v7em_fpv4_sp_d16_hard_t_le_eabi_balanced.a(mbops.o)
 *fill*         0x0000000000005c8e        0x2 
 .rodata.libc.__SEGGER_RTL_codeset_ascii
                0x0000000000005c90       0x20 C:/Program Files/SEGGER/SEGGER Embedded Studio for ARM 7.32a/lib/libc_v7em_fpv4_sp_d16_hard_t_le_eabi_balanced.a(mbops.o)
                0x0000000000005c90                __SEGGER_RTL_codeset_ascii
 .rodata.libc.__SEGGER_RTL_c_locale_abbrev_day_names
                0x0000000000005cb0       0x1d C:/Program Files/SEGGER/SEGGER Embedded Studio for ARM 7.32a/lib/libc_v7em_fpv4_sp_d16_hard_t_le_eabi_balanced.a(mbops.o)
                0x0000000000005cb0                __SEGGER_RTL_c_locale_abbrev_day_names
 .rodata.libc.__SEGGER_RTL_c_locale_abbrev_month_names
                0x0000000000005ccd       0x31 C:/Program Files/SEGGER/SEGGER Embedded Studio for ARM 7.32a/lib/libc_v7em_fpv4_sp_d16_hard_t_le_eabi_balanced.a(mbops.o)
                0x0000000000005ccd                __SEGGER_RTL_c_locale_abbrev_month_names
 .rodata.libc.__SEGGER_RTL_data_utf8_period
                0x0000000000005cfe        0x2 C:/Program Files/SEGGER/SEGGER Embedded Studio for ARM 7.32a/lib/libc_v7em_fpv4_sp_d16_hard_t_le_eabi_balanced.a(mbops.o)
                0x0000000000005cfe                __SEGGER_RTL_data_utf8_period
 .rodata.libc.__SEGGER_RTL_data_empty_string
                0x0000000000005d00        0x1 C:/Program Files/SEGGER/SEGGER Embedded Studio for ARM 7.32a/lib/libc_v7em_fpv4_sp_d16_hard_t_le_eabi_balanced.a(mbops.o)
                0x0000000000005d00                __SEGGER_RTL_data_empty_string
 .rodata.libc.__SEGGER_RTL_c_locale_day_names
                0x0000000000005d01       0x3a C:/Program Files/SEGGER/SEGGER Embedded Studio for ARM 7.32a/lib/libc_v7em_fpv4_sp_d16_hard_t_le_eabi_balanced.a(mbops.o)
 .rodata.libc.__SEGGER_RTL_c_locale_month_names
                0x0000000000005d3b       0x57 C:/Program Files/SEGGER/SEGGER Embedded Studio for ARM 7.32a/lib/libc_v7em_fpv4_sp_d16_hard_t_le_eabi_balanced.a(mbops.o)
 .rodata.libc.__SEGGER_RTL_c_locale_am_pm_indicator
                0x0000000000005d92        0x7 C:/Program Files/SEGGER/SEGGER Embedded Studio for ARM 7.32a/lib/libc_v7em_fpv4_sp_d16_hard_t_le_eabi_balanced.a(mbops.o)
 .rodata.libc.__SEGGER_RTL_c_locale_date_format
                0x0000000000005d99        0x9 C:/Program Files/SEGGER/SEGGER Embedded Studio for ARM 7.32a/lib/libc_v7em_fpv4_sp_d16_hard_t_le_eabi_balanced.a(mbops.o)
 .rodata.libc.__SEGGER_RTL_c_locale_time_format
                0x0000000000005da2        0x9 C:/Program Files/SEGGER/SEGGER Embedded Studio for ARM 7.32a/lib/libc_v7em_fpv4_sp_d16_hard_t_le_eabi_balanced.a(mbops.o)
 .rodata.libc.__SEGGER_RTL_c_locale_date_time_format
                0x0000000000005dab        0xf C:/Program Files/SEGGER/SEGGER Embedded Studio for ARM 7.32a/lib/libc_v7em_fpv4_sp_d16_hard_t_le_eabi_balanced.a(mbops.o)
 *fill*         0x0000000000005dba        0x2 
 .rodata.libc.__SEGGER_RTL_c_locale_data
                0x0000000000005dbc       0x58 C:/Program Files/SEGGER/SEGGER Embedded Studio for ARM 7.32a/lib/libc_v7em_fpv4_sp_d16_hard_t_le_eabi_balanced.a(mbops.o)
                0x0000000000005dbc                __SEGGER_RTL_c_locale_data
 .rodata.libc.__SEGGER_RTL_ascii_ctype_map
                0x0000000000005e14       0x80 C:/Program Files/SEGGER/SEGGER Embedded Studio for ARM 7.32a/lib/libc_v7em_fpv4_sp_d16_hard_t_le_eabi_balanced.a(mbops.o)
 .rodata.libc.__SEGGER_RTL_ascii_ctype_mask
                0x0000000000005e94        0xd C:/Program Files/SEGGER/SEGGER Embedded Studio for ARM 7.32a/lib/libc_v7em_fpv4_sp_d16_hard_t_le_eabi_balanced.a(mbops.o)
                0x0000000000005ea1                __rodata_end__ = (__rodata_start__ + SIZEOF (.rodata))
                0x0000000000000cc5                __rodata_size__ = SIZEOF (.rodata)
                0x0000000000005ea1                __rodata_load_end__ = __rodata_end__

.rel.dyn        0x0000000000005ea4        0x0
 .rel.iplt      0x0000000000005ea4        0x0 Output/Debug/Obj/temperature_pca10040/thumb_crt0.o
                0x0000000000000001                . = ASSERT (((__rodata_start__ == __rodata_end__) || ((__rodata_end__ - __FLASH_segment_start__) <= __FLASH_segment_size__)), error: .rodata is too large to fit in FLASH memory segment)
                0x0000000000005ea4                __ARM.exidx_load_start__ = ALIGN (__rodata_end__, 0x4)

.ARM.exidx      0x0000000000005ea4        0x0
                0x0000000000005ea4                __ARM.exidx_start__ = .
                0x0000000000005ea4                __exidx_start = __ARM.exidx_start__
 *(.ARM.exidx .ARM.exidx.*)
                0x0000000000005ea4                __ARM.exidx_end__ = (__ARM.exidx_start__ + SIZEOF (.ARM.exidx))
                0x0000000000000000                __ARM.exidx_size__ = SIZEOF (.ARM.exidx)
                0x0000000000005ea4                __exidx_end = __ARM.exidx_end__
                0x0000000000005ea4                __ARM.exidx_load_end__ = __ARM.exidx_end__
                0x0000000000000001                . = ASSERT (((__ARM.exidx_start__ == __ARM.exidx_end__) || ((__ARM.exidx_end__ - __FLASH_segment_start__) <= __FLASH_segment_size__)), error: .ARM.exidx is too large to fit in FLASH memory segment)
                0x0000000000005ea4                __fast_load_start__ = ALIGN (__ARM.exidx_end__, 0x4)

.fast           0x0000000020000000        0x0 load address 0x0000000000005ea4
                0x0000000020000000                __fast_start__ = .
 *(.fast .fast.*)
                0x0000000020000000                __fast_end__ = (__fast_start__ + SIZEOF (.fast))
                0x0000000000000000                __fast_size__ = SIZEOF (.fast)
                0x0000000000005ea4                __fast_load_end__ = (__fast_load_start__ + SIZEOF (.fast))
                0x0000000000000001                . = ASSERT (((__fast_load_start__ == __fast_load_end__) || ((__fast_load_end__ - __FLASH_segment_start__) <= __FLASH_segment_size__)), error: .fast is too large to fit in FLASH memory segment)

.fast_run       0x0000000020000000        0x0
                0x0000000020000000                __fast_run_start__ = .
                0x0000000020000000                __fast_run_end__ = (__fast_run_start__ + SIZEOF (.fast))
                0x0000000000000000                __fast_run_size__ = (__fast_run_end__ - __fast_run_start__)
                0x0000000020000000                __fast_run_load_end__ = __fast_run_end__
                0x0000000000000001                . = ASSERT (((__fast_run_start__ == __fast_run_end__) || ((__fast_run_end__ - __RAM_segment_start__) <= __RAM_segment_size__)), error: .fast_run is too large to fit in RAM memory segment)
                0x0000000000005ea4                __data_load_start__ = ALIGN ((__fast_load_start__ + SIZEOF (.fast)), 0x4)

.data           0x0000000020000000       0x74 load address 0x0000000000005ea4
                0x0000000020000000                __data_start__ = .
 *(.data .data.* .gnu.linkonce.d.*)
 .data.m_uart   0x0000000020000000       0x14 Output/Debug/Obj/temperature_pca10040/nrf_log_backend_uart.o
                0x0000000020000000                m_uart
 .data.log_backend_cb_rtt_log_backend
                0x0000000020000014        0x8 Output/Debug/Obj/temperature_pca10040/nrf_log_default_backends.o
 .data.log_backend_cb_uart_log_backend
                0x000000002000001c        0x8 Output/Debug/Obj/temperature_pca10040/nrf_log_default_backends.o
 .data.severity_names
                0x0000000020000024       0x14 Output/Debug/Obj/temperature_pca10040/nrf_log_str_formatter.o
 .data.m_colors
                0x0000000020000038       0x24 Output/Debug/Obj/temperature_pca10040/nrf_log_str_formatter.o
 .data.SystemCoreClock
                0x000000002000005c        0x4 Output/Debug/Obj/temperature_pca10040/system_nrf52.o
                0x000000002000005c                SystemCoreClock
 .data.libc.__SEGGER_RTL_global_locale
                0x0000000020000060       0x14 C:/Program Files/SEGGER/SEGGER Embedded Studio for ARM 7.32a/lib/libc_v7em_fpv4_sp_d16_hard_t_le_eabi_balanced.a(mbops.o)
                0x0000000020000060                __SEGGER_RTL_global_locale
                0x0000000020000060                __RAL_global_locale
                0x0000000020000074                __data_end__ = (__data_start__ + SIZEOF (.data))
                0x0000000000000074                __data_size__ = SIZEOF (.data)
                0x0000000000005f18                __data_load_end__ = (__data_load_start__ + SIZEOF (.data))

.igot.plt       0x0000000100000000        0x0
 .igot.plt      0x0000000100000000        0x0 Output/Debug/Obj/temperature_pca10040/thumb_crt0.o
                0x0000000000000001                . = ASSERT (((__data_load_start__ == __data_load_end__) || ((__data_load_end__ - __FLASH_segment_start__) <= __FLASH_segment_size__)), error: .data is too large to fit in FLASH memory segment)

.data_run       0x0000000020000000        0x0
                0x0000000020000000                __data_run_start__ = .
                0x0000000020000074                __data_run_end__ = (__data_run_start__ + SIZEOF (.data))
                0x0000000000000074                __data_run_size__ = (__data_run_end__ - __data_run_start__)
                0x0000000020000074                __data_run_load_end__ = __data_run_end__
                0x0000000000000001                . = ASSERT (((__data_run_start__ == __data_run_end__) || ((__data_run_end__ - __RAM_segment_start__) <= __RAM_segment_size__)), error: .data_run is too large to fit in RAM memory segment)
                0x0000000000005f18                __tdata_load_start__ = ALIGN ((__data_load_start__ + SIZEOF (.data)), 0x4)

.tdata          0x0000000020000074        0x0 load address 0x0000000000005f18
                0x0000000020000074                __tdata_start__ = .
 *(.tdata .tdata.*)
                0x0000000020000074                __tdata_end__ = (__tdata_start__ + SIZEOF (.tdata))
                0x0000000000000000                __tdata_size__ = SIZEOF (.tdata)
                0x0000000000005f18                __tdata_load_end__ = (__tdata_load_start__ + SIZEOF (.tdata))
                0x0000000000005f18                __FLASH_segment_used_end__ = (ALIGN ((__data_load_start__ + SIZEOF (.data)), 0x4) + SIZEOF (.tdata))
                0x0000000000005f18                __FLASH_segment_used_size__ = (__FLASH_segment_used_end__ - __FLASH_segment_start__)
                0x0000000000000001                . = ASSERT (((__tdata_load_start__ == __tdata_load_end__) || ((__tdata_load_end__ - __FLASH_segment_start__) <= __FLASH_segment_size__)), error: .tdata is too large to fit in FLASH memory segment)

.tdata_run      0x0000000020000074        0x0
                0x0000000020000074                __tdata_run_start__ = .
                0x0000000020000074                __tdata_run_end__ = (__tdata_run_start__ + SIZEOF (.tdata))
                0x0000000000000000                __tdata_run_size__ = (__tdata_run_end__ - __tdata_run_start__)
                0x0000000020000074                __tdata_run_load_end__ = __tdata_run_end__
                0x0000000000000001                . = ASSERT (((__tdata_run_start__ == __tdata_run_end__) || ((__tdata_run_end__ - __RAM_segment_start__) <= __RAM_segment_size__)), error: .tdata_run is too large to fit in RAM memory segment)
                0x0000000020000074                __bss_load_start__ = ALIGN (__tdata_run_end__, 0x4)

.bss            0x0000000020000074      0x930
                0x0000000020000074                __bss_start__ = .
 *(.bss .bss.* .gnu.linkonce.b.*)
 .bss.m_host_present
                0x0000000020000074        0x1 Output/Debug/Obj/temperature_pca10040/nrf_log_backend_rtt.o
 *fill*         0x0000000020000075        0x3 
 .bss.m_string_buff
                0x0000000020000078       0x40 Output/Debug/Obj/temperature_pca10040/nrf_log_backend_rtt.o
 .bss.m_string_buff
                0x00000000200000b8       0x40 Output/Debug/Obj/temperature_pca10040/nrf_log_backend_uart.o
 .bss.m_xfer_done
                0x00000000200000f8        0x1 Output/Debug/Obj/temperature_pca10040/nrf_log_backend_uart.o
 .bss.m_async_mode
                0x00000000200000f9        0x1 Output/Debug/Obj/temperature_pca10040/nrf_log_backend_uart.o
 *fill*         0x00000000200000fa        0x2 
 .bss.log_mempool_nrf_balloc_pool_stack
                0x00000000200000fc        0x8 Output/Debug/Obj/temperature_pca10040/nrf_log_frontend.o
 .bss.log_mempool_nrf_balloc_pool_mem
                0x0000000020000104       0xc0 Output/Debug/Obj/temperature_pca10040/nrf_log_frontend.o
 .bss.log_mempool_nrf_balloc_cb
                0x00000000200001c4        0x8 Output/Debug/Obj/temperature_pca10040/nrf_log_frontend.o
 .bss.m_log_push_ringbuf_buf
                0x00000000200001cc       0x80 Output/Debug/Obj/temperature_pca10040/nrf_log_frontend.o
 .bss.m_log_push_ringbuf_cb
                0x000000002000024c       0x18 Output/Debug/Obj/temperature_pca10040/nrf_log_frontend.o
 .bss.m_log_data
                0x0000000020000264      0x424 Output/Debug/Obj/temperature_pca10040/nrf_log_frontend.o
 .bss.m_error_data.0
                0x0000000020000688       0x20 Output/Debug/Obj/temperature_pca10040/app_error.o
 .bss.m_in_critical_region
                0x00000000200006a8        0x4 Output/Debug/Obj/temperature_pca10040/app_util_platform.o
 .bss.m_handlers
                0x00000000200006ac        0x4 Output/Debug/Obj/temperature_pca10040/nrf_drv_uart.o
 .bss.m_contexts
                0x00000000200006b0        0x4 Output/Debug/Obj/temperature_pca10040/nrf_drv_uart.o
 .bss.nrf_drv_uart_use_easy_dma
                0x00000000200006b4        0x1 Output/Debug/Obj/temperature_pca10040/nrf_drv_uart.o
                0x00000000200006b4                nrf_drv_uart_use_easy_dma
 *fill*         0x00000000200006b5        0x3 
 .bss.m_prs_box_4
                0x00000000200006b8        0x8 Output/Debug/Obj/temperature_pca10040/nrfx_prs.o
 .bss.m_cb      0x00000000200006c0       0x2c Output/Debug/Obj/temperature_pca10040/nrfx_uart.o
 .bss.m_cb      0x00000000200006ec       0x24 Output/Debug/Obj/temperature_pca10040/nrfx_uarte.o
 .bss.button_pressed
                0x0000000020000710        0x1 Output/Debug/Obj/temperature_pca10040/main.o
                0x0000000020000710                button_pressed
 *fill*         0x0000000020000711        0x3 
 .bss._SEGGER_RTT
                0x0000000020000714       0x78 Output/Debug/Obj/temperature_pca10040/SEGGER_RTT.o
                0x0000000020000714                _SEGGER_RTT
 .bss._acUpBuffer
                0x000000002000078c      0x200 Output/Debug/Obj/temperature_pca10040/SEGGER_RTT.o
 .bss._acDownBuffer
                0x000000002000098c       0x10 Output/Debug/Obj/temperature_pca10040/SEGGER_RTT.o
 .bss.libc.__SEGGER_RTL_locale_ptr
                0x000000002000099c        0x4 C:/Program Files/SEGGER/SEGGER Embedded Studio for ARM 7.32a/lib/libc_v7em_fpv4_sp_d16_hard_t_le_eabi_balanced.a(mbops.o)
                0x000000002000099c                __SEGGER_RTL_locale_ptr
 .bss.libc.__SEGGER_RTL_heap_globals.0
                0x00000000200009a0        0x4 C:/Program Files/SEGGER/SEGGER Embedded Studio for ARM 7.32a/lib/heapops_basic_v7em_fpv4_sp_d16_hard_t_le_eabi_balanced.a(heapops_basic.o)
 *(COMMON)
                0x00000000200009a4                __bss_end__ = (__bss_start__ + SIZEOF (.bss))
                0x0000000000000930                __bss_size__ = SIZEOF (.bss)
                0x00000000200009a4                __bss_load_end__ = __bss_end__
                0x0000000000000001                . = ASSERT (((__bss_start__ == __bss_end__) || ((__bss_end__ - __RAM_segment_start__) <= __RAM_segment_size__)), error: .bss is too large to fit in RAM memory segment)
                0x00000000200009a4                __tbss_load_start__ = ALIGN (__bss_end__, 0x4)

.tbss           0x00000000200009a4        0x0
                0x00000000200009a4                __tbss_start__ = .
 *(.tbss .tbss.*)
                0x00000000200009a4                __tbss_end__ = (__tbss_start__ + SIZEOF (.tbss))
                0x0000000000000000                __tbss_size__ = SIZEOF (.tbss)
                0x00000000200009a4                __tbss_load_end__ = __tbss_end__
                0x0000000000000001                . = ASSERT (((__tbss_start__ == __tbss_end__) || ((__tbss_end__ - __RAM_segment_start__) <= __RAM_segment_size__)), error: .tbss is too large to fit in RAM memory segment)
                0x00000000200009a4                __non_init_load_start__ = ALIGN (__tbss_end__, 0x4)

.non_init       0x00000000200009a4        0x0
                0x00000000200009a4                __non_init_start__ = .
 *(.non_init .non_init.*)
                0x00000000200009a4                __non_init_end__ = (__non_init_start__ + SIZEOF (.non_init))
                0x0000000000000000                __non_init_size__ = SIZEOF (.non_init)
                0x00000000200009a4                __non_init_load_end__ = __non_init_end__
                0x0000000000000001                . = ASSERT (((__non_init_start__ == __non_init_end__) || ((__non_init_end__ - __RAM_segment_start__) <= __RAM_segment_size__)), error: .non_init is too large to fit in RAM memory segment)
                0x00000000200009a4                __heap_load_start__ = ALIGN (__non_init_end__, 0x4)

.heap           0x00000000200009a4     0x2000
                0x00000000200009a4                __heap_start__ = .
 *(.heap .heap.*)
                0x00000000200029a4                . = ALIGN (MAX ((__heap_start__ + __HEAPSIZE__), .), 0x4)
 *fill*         0x00000000200009a4     0x2000 
                0x00000000200029a4                __heap_end__ = (__heap_start__ + SIZEOF (.heap))
                0x0000000000002000                __heap_size__ = SIZEOF (.heap)
                0x00000000200029a4                __heap_load_end__ = __heap_end__
                0x0000000000000001                . = ASSERT (((__heap_start__ == __heap_end__) || ((__heap_end__ - __RAM_segment_start__) <= __RAM_segment_size__)), error: .heap is too large to fit in RAM memory segment)
                0x0000000000000001                . = ASSERT ((__HEAPSIZE__ == ALIGN (__HEAPSIZE__, 0x4)), error: .heap section size does not match alignment)
                0x0000000000000001                . = ASSERT ((__heap_size__ <= __HEAPSIZE__), error: .heap section is larger than specified size)
                0x000000002000e000                __stack_load_start__ = (__RAM_segment_start__ + (__RAM_segment_size__ - 0x2000))

.stack          0x000000002000e000     0x2000
                0x000000002000e000                __stack_start__ = .
                0x000000002000e000                __StackLimit = __stack_start__
 *(.stack .stack.*)
                0x0000000020010000                . = ALIGN (MAX ((__stack_start__ + __STACKSIZE__), .), 0x8)
 *fill*         0x000000002000e000     0x2000 
                0x0000000020010000                __stack_end__ = (__stack_start__ + SIZEOF (.stack))
                0x0000000000002000                __stack_size__ = SIZEOF (.stack)
                0x0000000020010000                __StackTop = __stack_end__
                0x0000000020010000                __stack_load_end__ = __stack_end__
                0x0000000000000001                . = ASSERT (((__stack_start__ == __stack_end__) || ((__stack_end__ - __RAM_segment_start__) <= __RAM_segment_size__)), error: .stack is too large to fit in RAM memory segment)
                0x0000000000000001                . = ASSERT ((__heap_end__ <= __stack_start__), error: section .heap overlaps absolute placed section .stack)
                0x0000000000000001                . = ASSERT ((__STACKSIZE__ == ALIGN (__STACKSIZE__, 0x8)), error: .stack section size does not match alignment)
                0x0000000000000001                . = ASSERT ((__stack_size__ <= __STACKSIZE__), error: .stack section is larger than specified size)
                0x0000000020010000                __stack_process_load_start__ = ALIGN (__stack_end__, 0x8)

.stack_process  0x0000000020010000        0x0
                0x0000000020010000                __stack_process_start__ = .
 *(.stack_process .stack_process.*)
                0x0000000020010000                . = ALIGN (MAX ((__stack_process_start__ + __STACKSIZE_PROCESS__), .), 0x8)
                0x0000000020010000                __stack_process_end__ = (__stack_process_start__ + SIZEOF (.stack_process))
                0x0000000000000000                __stack_process_size__ = SIZEOF (.stack_process)
                0x0000000020010000                __stack_process_load_end__ = __stack_process_end__
                0x0000000020010000                __RAM_segment_used_end__ = (ALIGN (__stack_end__, 0x8) + SIZEOF (.stack_process))
                0x0000000000010000                __RAM_segment_used_size__ = (__RAM_segment_used_end__ - __RAM_segment_start__)
                0x0000000000000001                . = ASSERT (((__stack_process_start__ == __stack_process_end__) || ((__stack_process_end__ - __RAM_segment_start__) <= __RAM_segment_size__)), error: .stack_process is too large to fit in RAM memory segment)
                0x0000000000000001                . = ASSERT ((__STACKSIZE_PROCESS__ == ALIGN (__STACKSIZE_PROCESS__, 0x8)), error: .stack_process section size does not match alignment)
                0x0000000000000001                . = ASSERT ((__stack_process_size__ <= __STACKSIZE_PROCESS__), error: .stack_process section is larger than specified size)
START GROUP
LOAD Output/Debug/Obj/temperature_pca10040/thumb_crt0.o
LOAD Output/Debug/Obj/temperature_pca10040/nrf_log_backend_rtt.o
LOAD Output/Debug/Obj/temperature_pca10040/nrf_log_backend_serial.o
LOAD Output/Debug/Obj/temperature_pca10040/nrf_log_backend_uart.o
LOAD Output/Debug/Obj/temperature_pca10040/nrf_log_default_backends.o
LOAD Output/Debug/Obj/temperature_pca10040/nrf_log_frontend.o
LOAD Output/Debug/Obj/temperature_pca10040/nrf_log_str_formatter.o
LOAD Output/Debug/Obj/temperature_pca10040/boards.o
LOAD Output/Debug/Obj/temperature_pca10040/app_error.o
LOAD Output/Debug/Obj/temperature_pca10040/app_error_handler_gcc.o
LOAD Output/Debug/Obj/temperature_pca10040/app_error_weak.o
LOAD Output/Debug/Obj/temperature_pca10040/app_util_platform.o
LOAD Output/Debug/Obj/temperature_pca10040/nrf_assert.o
LOAD Output/Debug/Obj/temperature_pca10040/nrf_atomic.o
LOAD Output/Debug/Obj/temperature_pca10040/nrf_balloc.o
LOAD Output/Debug/Obj/temperature_pca10040/nrf_fprintf.o
LOAD Output/Debug/Obj/temperature_pca10040/nrf_fprintf_format.o
LOAD Output/Debug/Obj/temperature_pca10040/nrf_memobj.o
LOAD Output/Debug/Obj/temperature_pca10040/nrf_ringbuf.o
LOAD Output/Debug/Obj/temperature_pca10040/nrf_strerror.o
LOAD Output/Debug/Obj/temperature_pca10040/nrf_drv_uart.o
LOAD Output/Debug/Obj/temperature_pca10040/nrfx_atomic.o
LOAD Output/Debug/Obj/temperature_pca10040/nrfx_prs.o
LOAD Output/Debug/Obj/temperature_pca10040/nrfx_uart.o
LOAD Output/Debug/Obj/temperature_pca10040/nrfx_uarte.o
LOAD Output/Debug/Obj/temperature_pca10040/main.o
LOAD Output/Debug/Obj/temperature_pca10040/SEGGER_RTT.o
LOAD Output/Debug/Obj/temperature_pca10040/SEGGER_RTT_printf.o
LOAD Output/Debug/Obj/temperature_pca10040/ses_startup_nrf52.o
LOAD Output/Debug/Obj/temperature_pca10040/ses_startup_nrf_common.o
LOAD Output/Debug/Obj/temperature_pca10040/system_nrf52.o
LOAD C:/Program Files/SEGGER/SEGGER Embedded Studio for ARM 7.32a/lib/libc_v7em_fpv4_sp_d16_hard_t_le_eabi_balanced.a
LOAD C:/Program Files/SEGGER/SEGGER Embedded Studio for ARM 7.32a/lib/heapops_basic_v7em_fpv4_sp_d16_hard_t_le_eabi_balanced.a
LOAD C:/Program Files/SEGGER/SEGGER Embedded Studio for ARM 7.32a/lib/heapops_disable_interrupts_locking_v7em_fpv4_sp_d16_hard_t_le_eabi_balanced.a
LOAD C:/Program Files/SEGGER/SEGGER Embedded Studio for ARM 7.32a/lib/strops_unaligned_v7em_fpv4_sp_d16_hard_t_le_eabi_balanced.a
END GROUP
OUTPUT(C:/examples/peripheral/temperature/pca10040/blank/ses/Output/Debug/Exe/temperature_pca10040.elf elf32-littlearm)
LOAD linker stubs

.ARM.attributes
                0x0000000000000000       0x36
 .ARM.attributes
                0x0000000000000000       0x20 Output/Debug/Obj/temperature_pca10040/thumb_crt0.o
 .ARM.attributes
                0x0000000000000020       0x36 Output/Debug/Obj/temperature_pca10040/nrf_log_backend_rtt.o
 .ARM.attributes
                0x0000000000000056       0x36 Output/Debug/Obj/temperature_pca10040/nrf_log_backend_serial.o
 .ARM.attributes
                0x000000000000008c       0x36 Output/Debug/Obj/temperature_pca10040/nrf_log_backend_uart.o
 .ARM.attributes
                0x00000000000000c2       0x36 Output/Debug/Obj/temperature_pca10040/nrf_log_default_backends.o
 .ARM.attributes
                0x00000000000000f8       0x36 Output/Debug/Obj/temperature_pca10040/nrf_log_frontend.o
 .ARM.attributes
                0x000000000000012e       0x36 Output/Debug/Obj/temperature_pca10040/nrf_log_str_formatter.o
 .ARM.attributes
                0x0000000000000164       0x36 Output/Debug/Obj/temperature_pca10040/app_error.o
 .ARM.attributes
                0x000000000000019a       0x36 Output/Debug/Obj/temperature_pca10040/app_error_handler_gcc.o
 .ARM.attributes
                0x00000000000001d0       0x36 Output/Debug/Obj/temperature_pca10040/app_error_weak.o
 .ARM.attributes
                0x0000000000000206       0x36 Output/Debug/Obj/temperature_pca10040/app_util_platform.o
 .ARM.attributes
                0x000000000000023c       0x36 Output/Debug/Obj/temperature_pca10040/nrf_assert.o
 .ARM.attributes
                0x0000000000000272       0x36 Output/Debug/Obj/temperature_pca10040/nrf_atomic.o
 .ARM.attributes
                0x00000000000002a8       0x36 Output/Debug/Obj/temperature_pca10040/nrf_balloc.o
 .ARM.attributes
                0x00000000000002de       0x36 Output/Debug/Obj/temperature_pca10040/nrf_fprintf.o
 .ARM.attributes
                0x0000000000000314       0x36 Output/Debug/Obj/temperature_pca10040/nrf_fprintf_format.o
 .ARM.attributes
                0x000000000000034a       0x36 Output/Debug/Obj/temperature_pca10040/nrf_memobj.o
 .ARM.attributes
                0x0000000000000380       0x36 Output/Debug/Obj/temperature_pca10040/nrf_ringbuf.o
 .ARM.attributes
                0x00000000000003b6       0x36 Output/Debug/Obj/temperature_pca10040/nrf_strerror.o
 .ARM.attributes
                0x00000000000003ec       0x36 Output/Debug/Obj/temperature_pca10040/nrf_drv_uart.o
 .ARM.attributes
                0x0000000000000422       0x36 Output/Debug/Obj/temperature_pca10040/nrfx_prs.o
 .ARM.attributes
                0x0000000000000458       0x36 Output/Debug/Obj/temperature_pca10040/nrfx_uart.o
 .ARM.attributes
                0x000000000000048e       0x36 Output/Debug/Obj/temperature_pca10040/nrfx_uarte.o
 .ARM.attributes
                0x00000000000004c4       0x36 Output/Debug/Obj/temperature_pca10040/main.o
 .ARM.attributes
                0x00000000000004fa       0x36 Output/Debug/Obj/temperature_pca10040/SEGGER_RTT.o
 .ARM.attributes
                0x0000000000000530       0x20 Output/Debug/Obj/temperature_pca10040/ses_startup_nrf52.o
 .ARM.attributes
                0x0000000000000550       0x20 Output/Debug/Obj/temperature_pca10040/ses_startup_nrf_common.o
 .ARM.attributes
                0x0000000000000570       0x36 Output/Debug/Obj/temperature_pca10040/system_nrf52.o
 .ARM.attributes
                0x00000000000005a6       0x3e C:/Program Files/SEGGER/SEGGER Embedded Studio for ARM 7.32a/lib/libc_v7em_fpv4_sp_d16_hard_t_le_eabi_balanced.a(mbops.o)
 .ARM.attributes
                0x00000000000005e4       0x3e C:/Program Files/SEGGER/SEGGER Embedded Studio for ARM 7.32a/lib/heapops_basic_v7em_fpv4_sp_d16_hard_t_le_eabi_balanced.a(heapops_basic.o)
 .ARM.attributes
                0x0000000000000622       0x3e C:/Program Files/SEGGER/SEGGER Embedded Studio for ARM 7.32a/lib/strops_unaligned_v7em_fpv4_sp_d16_hard_t_le_eabi_balanced.a(strops.o)
 .ARM.attributes